Archive member included to satisfy reference by file (symbol)

/opt/arm-gnu-toolchain-14.2.rel1-x86_64-arm-none-eabi/bin/../lib/gcc/arm-none-eabi/14.2.1/../../../../arm-none-eabi/lib/thumb/v7-m/nofp/libstdc++_nano.a(string-inst.o)
                              CMakeFiles/bootloader.dir/__/strhelpers.cpp.obj (std::__cxx11::basic_string<char, std::char_traits<char>, std::allocator<char> >::_S_copy_chars(char*, char const*, char const*))
/opt/arm-gnu-toolchain-14.2.rel1-x86_64-arm-none-eabi/bin/../lib/gcc/arm-none-eabi/14.2.1/../../../../arm-none-eabi/lib/thumb/v7-m/nofp/libstdc++_nano.a(del_op.o)
                              /opt/arm-gnu-toolchain-14.2.rel1-x86_64-arm-none-eabi/bin/../lib/gcc/arm-none-eabi/14.2.1/../../../../arm-none-eabi/lib/thumb/v7-m/nofp/libstdc++_nano.a(string-inst.o) (operator delete(void*))
/opt/arm-gnu-toolchain-14.2.rel1-x86_64-arm-none-eabi/bin/../lib/gcc/arm-none-eabi/14.2.1/../../../../arm-none-eabi/lib/thumb/v7-m/nofp/libstdc++_nano.a(new_op.o)
                              /opt/arm-gnu-toolchain-14.2.rel1-x86_64-arm-none-eabi/bin/../lib/gcc/arm-none-eabi/14.2.1/../../../../arm-none-eabi/lib/thumb/v7-m/nofp/libstdc++_nano.a(string-inst.o) (operator new(unsigned int))
/opt/arm-gnu-toolchain-14.2.rel1-x86_64-arm-none-eabi/bin/../lib/gcc/arm-none-eabi/14.2.1/../../../../arm-none-eabi/lib/thumb/v7-m/nofp/libstdc++_nano.a(functexcept.o)
                              /opt/arm-gnu-toolchain-14.2.rel1-x86_64-arm-none-eabi/bin/../lib/gcc/arm-none-eabi/14.2.1/../../../../arm-none-eabi/lib/thumb/v7-m/nofp/libstdc++_nano.a(string-inst.o) (std::__throw_bad_alloc())
/opt/arm-gnu-toolchain-14.2.rel1-x86_64-arm-none-eabi/bin/../lib/gcc/arm-none-eabi/14.2.1/../../../../arm-none-eabi/lib/thumb/v7-m/nofp/libstdc++_nano.a(new_handler.o)
                              /opt/arm-gnu-toolchain-14.2.rel1-x86_64-arm-none-eabi/bin/../lib/gcc/arm-none-eabi/14.2.1/../../../../arm-none-eabi/lib/thumb/v7-m/nofp/libstdc++_nano.a(new_op.o) (std::get_new_handler())
/opt/arm-gnu-toolchain-14.2.rel1-x86_64-arm-none-eabi/bin/../lib/gcc/arm-none-eabi/14.2.1/../../../../arm-none-eabi/lib/thumb/v7-m/nofp/libg_nano.a(libc_a-abort.o)
                              /opt/arm-gnu-toolchain-14.2.rel1-x86_64-arm-none-eabi/bin/../lib/gcc/arm-none-eabi/14.2.1/../../../../arm-none-eabi/lib/thumb/v7-m/nofp/libstdc++_nano.a(new_op.o) (abort)
/opt/arm-gnu-toolchain-14.2.rel1-x86_64-arm-none-eabi/bin/../lib/gcc/arm-none-eabi/14.2.1/../../../../arm-none-eabi/lib/thumb/v7-m/nofp/libg_nano.a(libc_a-div.o)
                              CMakeFiles/bootloader.dir/__/strhelpers.cpp.obj (div)
/opt/arm-gnu-toolchain-14.2.rel1-x86_64-arm-none-eabi/bin/../lib/gcc/arm-none-eabi/14.2.1/../../../../arm-none-eabi/lib/thumb/v7-m/nofp/libg_nano.a(libc_a-exit.o)
                              /opt/arm-gnu-toolchain-14.2.rel1-x86_64-arm-none-eabi/bin/../lib/gcc/arm-none-eabi/14.2.1/../../../../arm-none-eabi/lib/thumb/v7-m/nofp/crt0.o (exit)
/opt/arm-gnu-toolchain-14.2.rel1-x86_64-arm-none-eabi/bin/../lib/gcc/arm-none-eabi/14.2.1/../../../../arm-none-eabi/lib/thumb/v7-m/nofp/libg_nano.a(libc_a-malloc.o)
                              /opt/arm-gnu-toolchain-14.2.rel1-x86_64-arm-none-eabi/bin/../lib/gcc/arm-none-eabi/14.2.1/../../../../arm-none-eabi/lib/thumb/v7-m/nofp/libstdc++_nano.a(new_op.o) (malloc)
/opt/arm-gnu-toolchain-14.2.rel1-x86_64-arm-none-eabi/bin/../lib/gcc/arm-none-eabi/14.2.1/../../../../arm-none-eabi/lib/thumb/v7-m/nofp/libg_nano.a(libc_a-mallocr.o)
                              /opt/arm-gnu-toolchain-14.2.rel1-x86_64-arm-none-eabi/bin/../lib/gcc/arm-none-eabi/14.2.1/../../../../arm-none-eabi/lib/thumb/v7-m/nofp/libg_nano.a(libc_a-malloc.o) (_malloc_r)
/opt/arm-gnu-toolchain-14.2.rel1-x86_64-arm-none-eabi/bin/../lib/gcc/arm-none-eabi/14.2.1/../../../../arm-none-eabi/lib/thumb/v7-m/nofp/libg_nano.a(libc_a-mlock.o)
                              /opt/arm-gnu-toolchain-14.2.rel1-x86_64-arm-none-eabi/bin/../lib/gcc/arm-none-eabi/14.2.1/../../../../arm-none-eabi/lib/thumb/v7-m/nofp/libg_nano.a(libc_a-mallocr.o) (__malloc_lock)
/opt/arm-gnu-toolchain-14.2.rel1-x86_64-arm-none-eabi/bin/../lib/gcc/arm-none-eabi/14.2.1/../../../../arm-none-eabi/lib/thumb/v7-m/nofp/libg_nano.a(libc_a-findfp.o)
                              /opt/arm-gnu-toolchain-14.2.rel1-x86_64-arm-none-eabi/bin/../lib/gcc/arm-none-eabi/14.2.1/../../../../arm-none-eabi/lib/thumb/v7-m/nofp/libg_nano.a(libc_a-exit.o) (__stdio_exit_handler)
/opt/arm-gnu-toolchain-14.2.rel1-x86_64-arm-none-eabi/bin/../lib/gcc/arm-none-eabi/14.2.1/../../../../arm-none-eabi/lib/thumb/v7-m/nofp/libg_nano.a(libc_a-fwalk.o)
                              /opt/arm-gnu-toolchain-14.2.rel1-x86_64-arm-none-eabi/bin/../lib/gcc/arm-none-eabi/14.2.1/../../../../arm-none-eabi/lib/thumb/v7-m/nofp/libg_nano.a(libc_a-findfp.o) (_fwalk_sglue)
/opt/arm-gnu-toolchain-14.2.rel1-x86_64-arm-none-eabi/bin/../lib/gcc/arm-none-eabi/14.2.1/../../../../arm-none-eabi/lib/thumb/v7-m/nofp/libg_nano.a(libc_a-sprintf.o)
[...]
Memory Configuration

Name             Origin             Length             Attributes
FLASH            0x08000000         0x00080000         xr
RAM              0x20000000         0x00020000         xrw
*default*        0x00000000         0xffffffff

Linker script and memory map

LOAD /opt/arm-gnu-toolchain-14.2.rel1-x86_64-arm-none-eabi/bin/../lib/gcc/arm-none-eabi/14.2.1/thumb/v7-m/nofp/crti.o
LOAD /opt/arm-gnu-toolchain-14.2.rel1-x86_64-arm-none-eabi/bin/../lib/gcc/arm-none-eabi/14.2.1/thumb/v7-m/nofp/crtbegin.o
LOAD /opt/arm-gnu-toolchain-14.2.rel1-x86_64-arm-none-eabi/bin/../lib/gcc/arm-none-eabi/14.2.1/../../../../arm-none-eabi/lib/thumb/v7-m/nofp/crt0.o
LOAD CMakeFiles/bootloader.dir/__/hal/key_driver.cpp.obj
LOAD CMakeFiles/bootloader.dir/__/hal/storage.cpp.obj
LOAD CMakeFiles/bootloader.dir/__/hal/fatfs_diskio.cpp.obj
LOAD CMakeFiles/bootloader.dir/__/hal/flash_driver.cpp.obj
LOAD CMakeFiles/bootloader.dir/__/thirdparty/FatFs/ff.c.obj
LOAD CMakeFiles/bootloader.dir/__/thirdparty/FatFs/ffunicode.c.obj
LOAD CMakeFiles/bootloader.dir/__/gui/212x64/lcd.cpp.obj
LOAD CMakeFiles/bootloader.dir/__/gui/common/stdlcd/fonts.cpp.obj
LOAD CMakeFiles/bootloader.dir/__/gui/common/stdlcd/utf8.cpp.obj
LOAD CMakeFiles/bootloader.dir/__/keys.cpp.obj
LOAD CMakeFiles/bootloader.dir/__/strhelpers.cpp.obj
LOAD CMakeFiles/bootloader.dir/__/stamp.cpp.obj
LOAD CMakeFiles/bootloader.dir/__/syscalls.c.obj
LOAD CMakeFiles/bootloader.dir/__/crc.cpp.obj
LOAD CMakeFiles/bootloader.dir/boot.cpp.obj
LOAD CMakeFiles/bootloader.dir/boot_menu.cpp.obj
LOAD CMakeFiles/bootloader.dir/bin_fw_files.cpp.obj
LOAD ../CMakeFiles/board_bl.dir/targets/taranis/board.cpp.obj
LOAD ../CMakeFiles/board_bl.dir/targets/taranis/led_driver.cpp.obj
LOAD ../CMakeFiles/board_bl.dir/targets/taranis/haptic_driver.cpp.obj
LOAD ../CMakeFiles/board_bl.dir/targets/taranis/backlight_driver.cpp.obj
LOAD ../CMakeFiles/board_bl.dir/targets/taranis/lcd_driver_spi.cpp.obj
LOAD ../CMakeFiles/board_bl.dir/targets/common/arm/stm32/abnormal_reboot.cpp.obj
LOAD ../CMakeFiles/board_bl.dir/targets/common/arm/stm32/delays_driver.cpp.obj
LOAD ../CMakeFiles/board_bl.dir/targets/common/arm/stm32/flash_driver.cpp.obj
LOAD ../CMakeFiles/board_bl.dir/targets/common/arm/stm32/pwr_driver.cpp.obj
LOAD ../CMakeFiles/board_bl.dir/targets/common/arm/stm32/rtc_driver.cpp.obj
LOAD ../CMakeFiles/board_bl.dir/targets/common/arm/stm32/watchdog_driver.cpp.obj
LOAD ../CMakeFiles/board_bl.dir/gui/common/stdlcd/boot_menu.cpp.obj
LOAD ../CMakeFiles/stm32cube_ll.dir/thirdparty/STM32F2xx_HAL_Driver/Src/stm32f2xx_ll_gpio.c.obj
LOAD /tmp/ccvzFXBi.ltrans0.ltrans.o
LOAD /tmp/ccdNUO6u.debug.temp.o
LOAD /tmp/ccN8ipik.debug.temp.o
LOAD /tmp/cc6krZpg.debug.temp.o
LOAD /tmp/cc0oZZB9.debug.temp.o
LOAD /tmp/cc4OdCW9.debug.temp.o
LOAD /tmp/cc1BdflN.debug.temp.o
LOAD /tmp/ccMK3Q9t.debug.temp.o
LOAD /tmp/cc105nW9.debug.temp.o
LOAD /tmp/ccAFOrua.debug.temp.o
LOAD /tmp/ccmA03Vo.debug.temp.o
LOAD /tmp/ccshaNQ8.debug.temp.o
LOAD /tmp/cck3zYPd.debug.temp.o
LOAD /tmp/ccEX9mjD.debug.temp.o
LOAD /tmp/ccUHNOD3.debug.temp.o
LOAD /tmp/ccXYhpFE.debug.temp.o
LOAD /tmp/ccO1M19S.debug.temp.o
LOAD /tmp/cccHw3Fe.debug.temp.o
LOAD /tmp/cca3Btmo.debug.temp.o
LOAD /tmp/ccE3oKZY.debug.temp.o
LOAD /tmp/cc2WU6SD.debug.temp.o
LOAD /tmp/cc21GGhv.debug.temp.o
LOAD /tmp/cc6VPFDF.debug.temp.o
LOAD /tmp/ccJ544U1.debug.temp.o
LOAD /tmp/ccFvXYwg.debug.temp.o
LOAD /tmp/ccxf4CmV.debug.temp.o
LOAD /tmp/ccOUUNzZ.debug.temp.o
LOAD /tmp/cc1aTUf3.debug.temp.o
LOAD /tmp/ccuVccuo.debug.temp.o
LOAD /tmp/cc3TbLhi.debug.temp.o
LOAD /tmp/cc0l9Kps.debug.temp.o
LOAD /tmp/ccMONEvP.debug.temp.o
LOAD /tmp/ccVhX77d.debug.temp.o
LOAD /tmp/ccVUfRFP.debug.temp.o
LOAD /tmp/cc4K6QmG.debug.temp.o
LOAD /tmp/ccviyEt6.debug.temp.o
LOAD /tmp/ccnq0PdR.debug.temp.o
LOAD /tmp/ccRNYSlC.debug.temp.o
LOAD /tmp/ccE9jayA.debug.temp.o
LOAD /tmp/ccFufs9m.debug.temp.o
LOAD /tmp/ccyB0hnh.debug.temp.o
LOAD /tmp/cchuUv8u.debug.temp.o
LOAD /tmp/ccjjk62U.debug.temp.o
LOAD /tmp/ccDs72Fa.debug.temp.o
LOAD /tmp/cc7Ah5kh.debug.temp.o
LOAD /tmp/cch7ZA4c.debug.temp.o
LOAD /tmp/cc96s0K1.debug.temp.o
LOAD /tmp/cc8lSUJ7.debug.temp.o
LOAD ../CMakeFiles/stm32cube_ll.dir/thirdparty/STM32F2xx_HAL_Driver/Src/stm32f2xx_ll_tim.c.obj
LOAD ../CMakeFiles/stm32cube_ll.dir/thirdparty/STM32F2xx_HAL_Driver/Src/stm32f2xx_ll_dma.c.obj
LOAD ../CMakeFiles/stm32cube_ll.dir/thirdparty/STM32F2xx_HAL_Driver/Src/stm32f2xx_ll_usart.c.obj
LOAD ../CMakeFiles/stm32cube_ll.dir/thirdparty/STM32F2xx_HAL_Driver/Src/stm32f2xx_ll_rcc.c.obj
LOAD ../CMakeFiles/stm32cube_ll.dir/thirdparty/STM32F2xx_HAL_Driver/Src/stm32f2xx_ll_exti.c.obj
LOAD ../CMakeFiles/stm32cube_ll.dir/thirdparty/STM32F2xx_HAL_Driver/Src/stm32f2xx_ll_adc.c.obj
LOAD ../CMakeFiles/stm32cube_ll.dir/thirdparty/STM32F2xx_HAL_Driver/Src/stm32f2xx_ll_spi.c.obj
LOAD ../CMakeFiles/stm32cube_ll.dir/thirdparty/STM32F2xx_HAL_Driver/Src/stm32f2xx_ll_usb.c.obj
LOAD ../CMakeFiles/stm32cube_ll.dir/thirdparty/STM32F2xx_HAL_Driver/Src/stm32f2xx_hal.c.obj
LOAD ../CMakeFiles/stm32cube_ll.dir/thirdparty/STM32F2xx_HAL_Driver/Src/stm32f2xx_hal_pwr.c.obj
LOAD ../CMakeFiles/stm32cube_ll.dir/thirdparty/STM32F2xx_HAL_Driver/Src/stm32f2xx_hal_pwr_ex.c.obj
LOAD ../CMakeFiles/stm32cube_ll.dir/thirdparty/STM32F2xx_HAL_Driver/Src/stm32f2xx_hal_rcc.c.obj
LOAD ../CMakeFiles/stm32cube_ll.dir/thirdparty/STM32F2xx_HAL_Driver/Src/stm32f2xx_hal_rtc.c.obj
LOAD ../CMakeFiles/stm32cube_ll.dir/thirdparty/STM32F2xx_HAL_Driver/Src/stm32f2xx_hal_i2c.c.obj
LOAD ../CMakeFiles/stm32cube_ll.dir/thirdparty/STM32F2xx_HAL_Driver/Src/stm32f2xx_hal_pcd.c.obj
LOAD ../CMakeFiles/stm32cube_ll.dir/thirdparty/STM32F2xx_HAL_Driver/Src/stm32f2xx_hal_pcd_ex.c.obj
LOAD ../CMakeFiles/stm32cube_ll.dir/thirdparty/STM32F2xx_HAL_Driver/Src/stm32f2xx_hal_flash.c.obj
LOAD ../CMakeFiles/stm32cube_ll.dir/thirdparty/STM32F2xx_HAL_Driver/Src/stm32f2xx_hal_flash_ex.c.obj
LOAD ../CMakeFiles/stm32_stdperiph.dir/targets/common/arm/stm32/f2/system_stm32f2xx.c.obj
LOAD ../CMakeFiles/stm32_stdperiph.dir/boards/generic_stm32/startup/startup_stm32f205xx.s.obj
LOAD ../CMakeFiles/stm32usb.dir/thirdparty/STM32_USB_Device_Library/Core/Src/usbd_core.c.obj
LOAD ../CMakeFiles/stm32usb.dir/thirdparty/STM32_USB_Device_Library/Core/Src/usbd_ctlreq.c.obj
LOAD ../CMakeFiles/stm32usb.dir/thirdparty/STM32_USB_Device_Library/Core/Src/usbd_ioreq.c.obj
LOAD ../CMakeFiles/stm32usb.dir/thirdparty/STM32_USB_Device_Library/Class/CDC/Src/usbd_cdc.c.obj
LOAD ../CMakeFiles/stm32usb.dir/thirdparty/STM32_USB_Device_Library/Class/DFU/Src/usbd_dfu.c.obj
LOAD ../CMakeFiles/stm32usb.dir/thirdparty/STM32_USB_Device_Library/Class/MSC/Src/usbd_msc_data.c.obj
LOAD ../CMakeFiles/stm32usb.dir/thirdparty/STM32_USB_Device_Library/Class/MSC/Src/usbd_msc_scsi.c.obj
LOAD ../CMakeFiles/stm32usb.dir/thirdparty/STM32_USB_Device_Library/Class/MSC/Src/usbd_msc_bot.c.obj
LOAD ../CMakeFiles/stm32usb.dir/thirdparty/STM32_USB_Device_Library/Class/MSC/Src/usbd_msc.c.obj
LOAD ../CMakeFiles/stm32usb_device_bl.dir/targets/common/arm/stm32/usbd_conf.c.obj
LOAD ../CMakeFiles/stm32usb_device_bl.dir/targets/common/arm/stm32/usbd_desc.c.obj
LOAD ../CMakeFiles/stm32usb_device_bl.dir/targets/common/arm/stm32/usbd_storage_msd.cpp.obj
LOAD ../CMakeFiles/stm32usb_device_bl.dir/targets/common/arm/stm32/usb_driver.cpp.obj
LOAD ../CMakeFiles/stm32_drivers.dir/targets/common/arm/stm32/stm32_hal.cpp.obj
LOAD ../CMakeFiles/stm32_drivers.dir/targets/common/arm/stm32/timers_driver.cpp.obj
LOAD ../CMakeFiles/stm32_drivers.dir/targets/common/arm/stm32/diskio_spi.cpp.obj
LOAD ../CMakeFiles/stm32_drivers.dir/targets/common/arm/stm32/stm32_exti_driver.cpp.obj
LOAD ../CMakeFiles/stm32_drivers.dir/targets/common/arm/stm32/stm32_serial_driver.cpp.obj
LOAD ../CMakeFiles/stm32_drivers.dir/targets/common/arm/stm32/stm32_usart_driver.cpp.obj
LOAD ../CMakeFiles/stm32_drivers.dir/targets/common/arm/stm32/stm32_gpio_driver.cpp.obj
LOAD ../CMakeFiles/stm32_drivers.dir/targets/common/arm/stm32/stm32_i2c_driver.cpp.obj
LOAD ../CMakeFiles/stm32_drivers.dir/targets/common/arm/stm32/stm32_timer.cpp.obj
LOAD ../CMakeFiles/stm32_drivers.dir/targets/common/arm/stm32/stm32_dma.cpp.obj
LOAD ../CMakeFiles/stm32_drivers.dir/targets/common/arm/stm32/stm32_gpio.cpp.obj
LOAD ../CMakeFiles/stm32_drivers.dir/targets/common/arm/stm32/stm32_adc.cpp.obj
LOAD ../CMakeFiles/stm32_drivers.dir/targets/common/arm/stm32/stm32_spi.cpp.obj
LOAD ../CMakeFiles/stm32_drivers_w_dbg_bl.dir/targets/common/arm/stm32/sdcard_spi.cpp.obj
LOAD ../CMakeFiles/stm32_drivers_w_dbg_bl.dir/targets/common/arm/stm32/diskio_sdio.cpp.obj
LOAD ../CMakeFiles/minimal_board_lib.dir/boards/generic_stm32/inputs.cpp.obj
LOAD ../CMakeFiles/minimal_board_lib.dir/boards/generic_stm32/i2c_bus.cpp.obj
LOAD ../CMakeFiles/minimal_board_lib.dir/boards/generic_stm32/bl_keys.cpp.obj
LOAD ../CMakeFiles/minimal_board_lib.dir/boards/generic_stm32/aux_ports.cpp.obj
LOAD /opt/arm-gnu-toolchain-14.2.rel1-x86_64-arm-none-eabi/bin/../lib/gcc/arm-none-eabi/14.2.1/../../../../arm-none-eabi/lib/thumb/v7-m/nofp/libstdc++_nano.a
LOAD /opt/arm-gnu-toolchain-14.2.rel1-x86_64-arm-none-eabi/bin/../lib/gcc/arm-none-eabi/14.2.1/../../../../arm-none-eabi/lib/thumb/v7-m/nofp/libm.a
START GROUP
LOAD /opt/arm-gnu-toolchain-14.2.rel1-x86_64-arm-none-eabi/bin/../lib/gcc/arm-none-eabi/14.2.1/thumb/v7-m/nofp/libgcc.a
LOAD /opt/arm-gnu-toolchain-14.2.rel1-x86_64-arm-none-eabi/bin/../lib/gcc/arm-none-eabi/14.2.1/../../../../arm-none-eabi/lib/thumb/v7-m/nofp/libg_nano.a
LOAD /opt/arm-gnu-toolchain-14.2.rel1-x86_64-arm-none-eabi/bin/../lib/gcc/arm-none-eabi/14.2.1/../../../../arm-none-eabi/lib/thumb/v7-m/nofp/libc_nano.a
END GROUP
START GROUP
LOAD /opt/arm-gnu-toolchain-14.2.rel1-x86_64-arm-none-eabi/bin/../lib/gcc/arm-none-eabi/14.2.1/thumb/v7-m/nofp/libgcc.a
LOAD /opt/arm-gnu-toolchain-14.2.rel1-x86_64-arm-none-eabi/bin/../lib/gcc/arm-none-eabi/14.2.1/../../../../arm-none-eabi/lib/thumb/v7-m/nofp/libc_nano.a
END GROUP
LOAD /opt/arm-gnu-toolchain-14.2.rel1-x86_64-arm-none-eabi/bin/../lib/gcc/arm-none-eabi/14.2.1/thumb/v7-m/nofp/crtend.o
LOAD /opt/arm-gnu-toolchain-14.2.rel1-x86_64-arm-none-eabi/bin/../lib/gcc/arm-none-eabi/14.2.1/thumb/v7-m/nofp/crtn.o
                0x20020000                        STACK_ADDRESS = (ORIGIN (RAM) + LENGTH (RAM))
                0x00000400                        MAIN_STACK_SIZE = 0x400
                0x00008000                        BOOTLOADER_SIZE = 0x8000
                0x00000000                        MIN_HEAP_SIZE = 0x0
                0x2001fc00                        HEAP_ADDRESS = (STACK_ADDRESS - MAIN_STACK_SIZE)
                0x20020000                        _estack = STACK_ADDRESS
                0x2001fc00                        _main_stack_start = (_estack - MAIN_STACK_SIZE)
                0x2001fc00                        _heap_end = HEAP_ADDRESS

.isr_vector     0x08000000      0x184
                0x08000000                        _sisr_vector = .
 *(.isr_vector)
 .isr_vector    0x08000000      0x184 ../CMakeFiles/stm32_stdperiph.dir/boards/generic_stm32/startup/startup_stm32f205xx.s.obj
                0x08000000                g_pfnVectors
                0x08000184                        . = ALIGN (0x4)
                0x08000184                        _eisr_vector = .
                0x08000000                        _isr_load = LOADADDR (.isr_vector)

.text           0x08000184     0x79ec
 FILL mask 0xffff
 CREATE_OBJECT_SYMBOLS
                0x08000184                        _stext = .
 *(.version)
 .version       0x08000184        0x6 CMakeFiles/bootloader.dir/boot.cpp.obj
 *(.bootversiondata)
 .bootversiondata
                0x0800018a       0x1e CMakeFiles/bootloader.dir/__/stamp.cpp.obj
 *(.text .text* .gnu.linkonce.t.*)
 .text.deregister_tm_clones
                0x080001a8       0x1c /opt/arm-gnu-toolchain-14.2.rel1-x86_64-arm-none-eabi/bin/../lib/gcc/arm-none-eabi/14.2.1/thumb/v7-m/nofp/crtbegin.o
 .text.register_tm_clones
                0x080001c4       0x24 /opt/arm-gnu-toolchain-14.2.rel1-x86_64-arm-none-eabi/bin/../lib/gcc/arm-none-eabi/14.2.1/thumb/v7-m/nofp/crtbegin.o
 .text.__do_global_dtors_aux
                0x080001e8       0x28 /opt/arm-gnu-toolchain-14.2.rel1-x86_64-arm-none-eabi/bin/../lib/gcc/arm-none-eabi/14.2.1/thumb/v7-m/nofp/crtbegin.o
 .text.frame_dummy
                0x08000210       0x24 /opt/arm-gnu-toolchain-14.2.rel1-x86_64-arm-none-eabi/bin/../lib/gcc/arm-none-eabi/14.2.1/thumb/v7-m/nofp/crtbegin.o
 .text._Z15keysGetMaxTrimsv
                0x08000234        0x4 CMakeFiles/bootloader.dir/__/hal/key_driver.cpp.obj
                0x08000234                keysGetMaxTrims()
 .text._Z11storageInitv
                0x08000238       0x1c CMakeFiles/bootloader.dir/__/hal/storage.cpp.obj
                0x08000238                storageInit()
 .text._Z13storageDeInitv
                0x08000254        0x4 CMakeFiles/bootloader.dir/__/hal/storage.cpp.obj
                0x08000254                storageDeInit()
 .text._Z16storageIsPresentv
                0x08000258       0x1c CMakeFiles/bootloader.dir/__/hal/storage.cpp.obj
                0x08000258                storageIsPresent()
 .text._Z23storageGetDefaultDriverv
                0x08000274        0x8 CMakeFiles/bootloader.dir/__/hal/storage.cpp.obj
                0x08000274                storageGetDefaultDriver()
 .text._Z19fatfsRegisterDriverPK15diskio_driver_th
                0x0800027c       0x24 CMakeFiles/bootloader.dir/__/hal/fatfs_diskio.cpp.obj
                0x0800027c                fatfsRegisterDriver(diskio_driver_t const*, unsigned char)
 .text._Z14fatfsGetDriverh
                0x080002a0       0x1c CMakeFiles/bootloader.dir/__/hal/fatfs_diskio.cpp.obj
                0x080002a0                fatfsGetDriver(unsigned char)
 .text.disk_initialize
                0x080002bc       0x38 CMakeFiles/bootloader.dir/__/hal/fatfs_diskio.cpp.obj
                0x080002bc                disk_initialize
 .text.disk_status
                0x080002f4       0x14 CMakeFiles/bootloader.dir/__/hal/fatfs_diskio.cpp.obj
                0x080002f4                disk_status
 .text.disk_read
                0x08000308       0x1c CMakeFiles/bootloader.dir/__/hal/fatfs_diskio.cpp.obj
                0x08000308                disk_read
 .text.disk_ioctl
                0x08000324       0x18 CMakeFiles/bootloader.dir/__/hal/fatfs_diskio.cpp.obj
                0x08000324                disk_ioctl
 .text._Z22fatfsUnregisterDriversv
                0x0800033c       0x58 CMakeFiles/bootloader.dir/__/hal/fatfs_diskio.cpp.obj
                0x0800033c                fatfsUnregisterDrivers()
 .text.ld_dword
                0x08000394        0x4 CMakeFiles/bootloader.dir/__/thirdparty/FatFs/ff.c.obj
 .text.clst2sect
                0x08000398       0x16 CMakeFiles/bootloader.dir/__/thirdparty/FatFs/ff.c.obj
 *fill*         0x080003ae        0x2 ffff
 .text.get_ldnumber
                0x080003b0       0x34 CMakeFiles/bootloader.dir/__/thirdparty/FatFs/ff.c.obj
 .text.validate
                0x080003e4       0x34 CMakeFiles/bootloader.dir/__/thirdparty/FatFs/ff.c.obj
 .text.get_fileinfo
                0x08000418      0x136 CMakeFiles/bootloader.dir/__/thirdparty/FatFs/ff.c.obj
 .text.move_window
                0x0800054e       0x2a CMakeFiles/bootloader.dir/__/thirdparty/FatFs/ff.c.obj
 .text.check_fs
                0x08000578       0xa0 CMakeFiles/bootloader.dir/__/thirdparty/FatFs/ff.c.obj
 .text.mount_volume.isra.0
                0x08000618      0x1bc CMakeFiles/bootloader.dir/__/thirdparty/FatFs/ff.c.obj
 .text.ld_clust.isra.0
                0x080007d4       0x10 CMakeFiles/bootloader.dir/__/thirdparty/FatFs/ff.c.obj
 .text.get_fat.isra.0
                0x080007e4       0xac CMakeFiles/bootloader.dir/__/thirdparty/FatFs/ff.c.obj
 .text.dir_next.constprop.0
                0x08000890       0x74 CMakeFiles/bootloader.dir/__/thirdparty/FatFs/ff.c.obj
 .text.dir_sdi  0x08000904       0x78 CMakeFiles/bootloader.dir/__/thirdparty/FatFs/ff.c.obj
 .text.follow_path
                0x0800097c      0x48c CMakeFiles/bootloader.dir/__/thirdparty/FatFs/ff.c.obj
 .text.dir_read.constprop.0
                0x08000e08       0xf8 CMakeFiles/bootloader.dir/__/thirdparty/FatFs/ff.c.obj
 .text.f_mount  0x08000f00       0x4c CMakeFiles/bootloader.dir/__/thirdparty/FatFs/ff.c.obj
                0x08000f00                f_mount
 .text.f_open   0x08000f4c       0x9c CMakeFiles/bootloader.dir/__/thirdparty/FatFs/ff.c.obj
                0x08000f4c                f_open
 .text.f_read   0x08000fe8      0x110 CMakeFiles/bootloader.dir/__/thirdparty/FatFs/ff.c.obj
                0x08000fe8                f_read
 .text.f_close  0x080010f8       0x12 CMakeFiles/bootloader.dir/__/thirdparty/FatFs/ff.c.obj
                0x080010f8                f_close
 .text.f_chdir  0x0800110a       0x60 CMakeFiles/bootloader.dir/__/thirdparty/FatFs/ff.c.obj
                0x0800110a                f_chdir
 .text.f_lseek  0x0800116a       0xba CMakeFiles/bootloader.dir/__/thirdparty/FatFs/ff.c.obj
                0x0800116a                f_lseek
 .text.f_opendir
                0x08001224       0x6c CMakeFiles/bootloader.dir/__/thirdparty/FatFs/ff.c.obj
                0x08001224                f_opendir
 .text.f_readdir
                0x08001290       0x56 CMakeFiles/bootloader.dir/__/thirdparty/FatFs/ff.c.obj
                0x08001290                f_readdir
 *fill*         0x080012e6        0x2 ffff
 .text.ff_uni2oem
                0x080012e8       0x3c CMakeFiles/bootloader.dir/__/thirdparty/FatFs/ffunicode.c.obj
                0x080012e8                ff_uni2oem
 .text.ff_oem2uni
                0x08001324       0x28 CMakeFiles/bootloader.dir/__/thirdparty/FatFs/ffunicode.c.obj
                0x08001324                ff_oem2uni
 .text.ff_wtoupper
                0x0800134c       0x90 CMakeFiles/bootloader.dir/__/thirdparty/FatFs/ffunicode.c.obj
                0x0800134c                ff_wtoupper
 .text._Z8lcdClearv
                0x080013dc       0x10 CMakeFiles/bootloader.dir/__/gui/212x64/lcd.cpp.obj
                0x080013dc                lcdClear()
 .text._Z15getPatternWidthPK11PatternData
                0x080013ec       0x30 CMakeFiles/bootloader.dir/__/gui/212x64/lcd.cpp.obj
                0x080013ec                getPatternWidth(PatternData const*)
 .text._Z12getCharWidthcm
                0x0800141c       0x28 CMakeFiles/bootloader.dir/__/gui/212x64/lcd.cpp.obj
                0x0800141c                getCharWidth(char, unsigned long)
 .text._Z12getTextWidthPKchm
                0x08001444       0x44 CMakeFiles/bootloader.dir/__/gui/212x64/lcd.cpp.obj
                0x08001444                getTextWidth(char const*, unsigned char, unsigned long)
 .text._Z14lcdSetContrastb
                0x08001488        0x6 CMakeFiles/bootloader.dir/__/gui/212x64/lcd.cpp.obj
                0x08001488                lcdSetContrast(bool)
 *fill*         0x0800148e        0x2 ffff
 .text._Z12lcdMaskPointPhhm
                0x08001490       0x40 CMakeFiles/bootloader.dir/__/gui/212x64/lcd.cpp.obj
                0x08001490                lcdMaskPoint(unsigned char*, unsigned char, unsigned long)
 .text._Z12lcdDrawPointiim
                0x080014d0       0x38 CMakeFiles/bootloader.dir/__/gui/212x64/lcd.cpp.obj
                0x080014d0                lcdDrawPoint(int, int, unsigned long)
 .text._Z13lcdPutPatterniiPKhhhm
                0x08001508      0x158 CMakeFiles/bootloader.dir/__/gui/212x64/lcd.cpp.obj
                0x08001508                lcdPutPattern(int, int, unsigned char const*, unsigned char, unsigned char, unsigned long)
 .text._Z11lcdDrawChariihm
                0x08001660       0x2c CMakeFiles/bootloader.dir/__/gui/212x64/lcd.cpp.obj
                0x08001660                lcdDrawChar(int, int, unsigned char, unsigned long)
 .text._Z16lcdDrawSizedTextiiPKchm
                0x0800168c      0x110 CMakeFiles/bootloader.dir/__/gui/212x64/lcd.cpp.obj
                0x0800168c                lcdDrawSizedText(int, int, char const*, unsigned char, unsigned long)
 .text._Z11lcdDrawTextiiPKcm
                0x0800179c       0x10 CMakeFiles/bootloader.dir/__/gui/212x64/lcd.cpp.obj
                0x0800179c                lcdDrawText(int, int, char const*, unsigned long)
 .text._Z19lcdDrawCenteredTextiPKcm
                0x080017ac       0x2c CMakeFiles/bootloader.dir/__/gui/212x64/lcd.cpp.obj
                0x080017ac                lcdDrawCenteredText(int, char const*, unsigned long)
 .text._Z21lcdDrawHorizontalLineiiihm
                0x080017d8       0x80 CMakeFiles/bootloader.dir/__/gui/212x64/lcd.cpp.obj
                0x080017d8                lcdDrawHorizontalLine(int, int, int, unsigned char, unsigned long)
 .text._Z26lcdDrawSolidHorizontalLineiiim
                0x08001858       0x1a CMakeFiles/bootloader.dir/__/gui/212x64/lcd.cpp.obj
                0x08001858                lcdDrawSolidHorizontalLine(int, int, int, unsigned long)
 .text._Z19lcdDrawVerticalLineiiihm
                0x08001872       0x66 CMakeFiles/bootloader.dir/__/gui/212x64/lcd.cpp.obj
                0x08001872                lcdDrawVerticalLine(int, int, int, unsigned char, unsigned long)
 .text._Z11lcdDrawRectiiiihm
                0x080018d8       0x64 CMakeFiles/bootloader.dir/__/gui/212x64/lcd.cpp.obj
                0x080018d8                lcdDrawRect(int, int, int, int, unsigned char, unsigned long)
 .text._Z13lcdInvertLinea
                0x0800193c       0x28 CMakeFiles/bootloader.dir/__/gui/212x64/lcd.cpp.obj
                0x0800193c                lcdInvertLine(signed char)
 .text._Z13map_utf8_charRPKcRh
                0x08001964       0xb0 CMakeFiles/bootloader.dir/__/gui/common/stdlcd/utf8.cpp.obj
                0x08001964                map_utf8_char(char const*&, unsigned char&)
 .text._ZN3Key5inputEb
                0x08001a14       0xbc CMakeFiles/bootloader.dir/__/keys.cpp.obj
                0x08001a14                Key::input(bool)
 .text._ZN3Key10killEventsEv
                0x08001ad0        0xe CMakeFiles/bootloader.dir/__/keys.cpp.obj
                0x08001ad0                Key::killEvents()
 *fill*         0x08001ade        0x2 ffff
 .text._Z8getEventv
                0x08001ae0       0x10 CMakeFiles/bootloader.dir/__/keys.cpp.obj
                0x08001ae0                getEvent()
 .text._Z16keysPollingCyclev
                0x08001af0       0xb0 CMakeFiles/bootloader.dir/__/keys.cpp.obj
                0x08001af0                keysPollingCycle()
 .text._Z9strAppendPcPKci
                0x08001ba0       0x26 CMakeFiles/bootloader.dir/__/strhelpers.cpp.obj
                0x08001ba0                strAppend(char*, char const*, int)
 *fill*         0x08001bc6        0x2 ffff
 .text._Z18getFirmwareVersionPKh
                0x08001bc8       0x44 CMakeFiles/bootloader.dir/__/stamp.cpp.obj
                0x08001bc8                getFirmwareVersion(unsigned char const*)
 .text._Z16boardBLEarlyInitv
                0x08001c0c        0x2 CMakeFiles/bootloader.dir/boot.cpp.obj
                0x08001c0c                boardBLEarlyInit()
 .text._Z14boardBLPreJumpv
                0x08001c0e        0x2 CMakeFiles/bootloader.dir/boot.cpp.obj
                0x08001c0e                boardBLPreJump()
 .text._Z11boardBLInitv
                0x08001c10        0x2 CMakeFiles/bootloader.dir/boot.cpp.obj
                0x08001c10                boardBLInit()
 *fill*         0x08001c12        0x2 ffff
 .text._Z17bootloaderInitAppv
                0x08001c14       0x60 CMakeFiles/bootloader.dir/boot.cpp.obj
                0x08001c14                bootloaderInitApp()
 .text.startup.main
                0x08001c74       0x12 CMakeFiles/bootloader.dir/boot.cpp.obj
                0x08001c74                main
 .text._Z13IS_NEXT_EVENTt
                0x08001c86       0x20 CMakeFiles/bootloader.dir/boot_menu.cpp.obj
                0x08001c86                IS_NEXT_EVENT(unsigned short)
 .text._Z17IS_PREVIOUS_EVENTt
                0x08001ca6       0x20 CMakeFiles/bootloader.dir/boot_menu.cpp.obj
                0x08001ca6                IS_PREVIOUS_EVENT(unsigned short)
 *fill*         0x08001cc6        0x2 ffff
 .text._Z6per5msv
                0x08001cc8       0x18 CMakeFiles/bootloader.dir/boot_menu.cpp.obj
                0x08001cc8                per5ms()
 .text._Z13menuFlashFilemt
                0x08001ce0       0x48 CMakeFiles/bootloader.dir/boot_menu.cpp.obj
                0x08001ce0                menuFlashFile(unsigned long, unsigned short)
 .text._Z14bootloaderMenuv
                0x08001d28      0x28c CMakeFiles/bootloader.dir/boot_menu.cpp.obj
                0x08001d28                bootloaderMenu()
 .text._ZL15findNextBinFileP7FILINFO
                0x08001fb4       0x68 CMakeFiles/bootloader.dir/bin_fw_files.cpp.obj
 .text._Z6sdInitv
                0x0800201c       0x2c CMakeFiles/bootloader.dir/bin_fw_files.cpp.obj
                0x0800201c                sdInit()
 .text._Z6sdDonev
                0x08002048       0x18 CMakeFiles/bootloader.dir/bin_fw_files.cpp.obj
                0x08002048                sdDone()
 .text._Z15openFirmwareDirv
                0x08002060       0x24 CMakeFiles/bootloader.dir/bin_fw_files.cpp.obj
                0x08002060                openFirmwareDir()
 .text._Z18fetchFirmwareFilesj
                0x08002084       0x68 CMakeFiles/bootloader.dir/bin_fw_files.cpp.obj
                0x08002084                fetchFirmwareFiles(unsigned int)
 .text._Z26getFirmwareFileNameByIndexj
                0x080020ec       0x1c CMakeFiles/bootloader.dir/bin_fw_files.cpp.obj
                0x080020ec                getFirmwareFileNameByIndex(unsigned int)
 .text._Z16openFirmwareFilej
                0x08002108       0x94 CMakeFiles/bootloader.dir/bin_fw_files.cpp.obj
                0x08002108                openFirmwareFile(unsigned int)
 .text._Z22getFileFirmwareVersionP10VersionTag
                0x0800219c       0x58 CMakeFiles/bootloader.dir/bin_fw_files.cpp.obj
                0x0800219c                getFileFirmwareVersion(VersionTag*)
 .text._Z16readFirmwareFilev
                0x080021f4       0x20 CMakeFiles/bootloader.dir/bin_fw_files.cpp.obj
                0x080021f4                readFirmwareFile()
 .text._Z17closeFirmwareFilev
                0x08002214        0xc CMakeFiles/bootloader.dir/bin_fw_files.cpp.obj
                0x08002214                closeFirmwareFile()
 .text._Z17checkFirmwareFilej13FlashCheckRes
                0x08002220       0x2c CMakeFiles/bootloader.dir/bin_fw_files.cpp.obj
                0x08002220                checkFirmwareFile(unsigned int, FlashCheckRes)
 .text._Z17firmwareInitWritem
                0x0800224c       0x38 CMakeFiles/bootloader.dir/bin_fw_files.cpp.obj
                0x0800224c                firmwareInitWrite(unsigned long)
 .text._Z18firmwareWriteBlockPm
                0x08002284       0x7c CMakeFiles/bootloader.dir/bin_fw_files.cpp.obj
                0x08002284                firmwareWriteBlock(unsigned long*)
 .text._Z8boardOffv
                0x08002300       0x1e ../CMakeFiles/board_bl.dir/targets/taranis/board.cpp.obj
                0x08002300                boardOff()
 *fill*         0x0800231e        0x2 ffff
 .text.backlightInit
                0x08002320       0x50 ../CMakeFiles/board_bl.dir/targets/taranis/backlight_driver.cpp.obj
                0x08002320                backlightInit
 .text.backlightFullOn
                0x08002370       0x10 ../CMakeFiles/board_bl.dir/targets/taranis/backlight_driver.cpp.obj
                0x08002370                backlightFullOn
 .text.backlightDisable
                0x08002380       0x10 ../CMakeFiles/board_bl.dir/targets/taranis/backlight_driver.cpp.obj
                0x08002380                backlightDisable
 .text._Z15lcdWriteCommandh
                0x08002390       0x38 ../CMakeFiles/board_bl.dir/targets/taranis/lcd_driver_spi.cpp.obj
                0x08002390                lcdWriteCommand(unsigned char)
 .text._Z15lcdHardwareInitv
                0x080023c8       0xd4 ../CMakeFiles/board_bl.dir/targets/taranis/lcd_driver_spi.cpp.obj
                0x080023c8                lcdHardwareInit()
 .text._Z8lcdStartv
                0x0800249c       0x9c ../CMakeFiles/board_bl.dir/targets/taranis/lcd_driver_spi.cpp.obj
                0x0800249c                lcdStart()
 .text._Z15lcdWriteAddresshh
                0x08002538       0x32 ../CMakeFiles/board_bl.dir/targets/taranis/lcd_driver_spi.cpp.obj
                0x08002538                lcdWriteAddress(unsigned char, unsigned char)
 *fill*         0x0800256a        0x2 ffff
 .text._Z14lcdRefreshWaitv
                0x0800256c       0x10 ../CMakeFiles/board_bl.dir/targets/taranis/lcd_driver_spi.cpp.obj
                0x0800256c                lcdRefreshWait()
 .text.DMA1_Stream7_IRQHandler
                0x0800257c       0x54 ../CMakeFiles/board_bl.dir/targets/taranis/lcd_driver_spi.cpp.obj
                0x0800257c                DMA1_Stream7_IRQHandler
 .text._Z6lcdOffv
                0x080025d0       0x20 ../CMakeFiles/board_bl.dir/targets/taranis/lcd_driver_spi.cpp.obj
                0x080025d0                lcdOff()
 .text._Z8lcdResetv
                0x080025f0       0x28 ../CMakeFiles/board_bl.dir/targets/taranis/lcd_driver_spi.cpp.obj
                0x080025f0                lcdReset()
 .text._Z7lcdInitv
                0x08002618       0x16 ../CMakeFiles/board_bl.dir/targets/taranis/lcd_driver_spi.cpp.obj
                0x08002618                lcdInit()
 *fill*         0x0800262e        0x2 ffff
 .text._Z13lcdInitFinishv
                0x08002630       0x38 ../CMakeFiles/board_bl.dir/targets/taranis/lcd_driver_spi.cpp.obj
                0x08002630                lcdInitFinish()
 .text._Z10lcdRefreshb
                0x08002668       0x74 ../CMakeFiles/board_bl.dir/targets/taranis/lcd_driver_spi.cpp.obj
                0x08002668                lcdRefresh(bool)
 .text._Z13lcdSetRefVolth
                0x080026dc       0x34 ../CMakeFiles/board_bl.dir/targets/taranis/lcd_driver_spi.cpp.obj
                0x080026dc                lcdSetRefVolt(unsigned char)
 .text._Z18_init_reboot_causev
                0x08002710       0x2c ../CMakeFiles/board_bl.dir/targets/common/arm/stm32/abnormal_reboot.cpp.obj
                0x08002710                _init_reboot_cause()
 .text._Z22abnormalRebootGetCausev
                0x0800273c       0x10 ../CMakeFiles/board_bl.dir/targets/common/arm/stm32/abnormal_reboot.cpp.obj
                0x0800273c                abnormalRebootGetCause()
 .text._Z20abnormalRebootGetCmdv
                0x0800274c        0xc ../CMakeFiles/board_bl.dir/targets/common/arm/stm32/abnormal_reboot.cpp.obj
                0x0800274c                abnormalRebootGetCmd()
 .text.delaysInit
                0x08002758       0x20 ../CMakeFiles/board_bl.dir/targets/common/arm/stm32/delays_driver.cpp.obj
                0x08002758                delaysInit
 .text.delay_us
                0x08002778       0x24 ../CMakeFiles/board_bl.dir/targets/common/arm/stm32/delays_driver.cpp.obj
                0x08002778                delay_us
 .text._Z9delay_1msv
                0x0800279c       0x24 ../CMakeFiles/board_bl.dir/targets/common/arm/stm32/delays_driver.cpp.obj
                0x0800279c                delay_1ms()
 .text.delay_ms
                0x080027c0       0x10 ../CMakeFiles/board_bl.dir/targets/common/arm/stm32/delays_driver.cpp.obj
                0x080027c0                delay_ms
 .text._ZL22stm32_flash_get_sectorm
                0x080027d0       0x1a ../CMakeFiles/board_bl.dir/targets/common/arm/stm32/flash_driver.cpp.obj
 .text._ZL19stm32_flash_programmPvm
                0x080027ea       0x36 ../CMakeFiles/board_bl.dir/targets/common/arm/stm32/flash_driver.cpp.obj
 .text._ZL24stm32_flash_erase_sectorm
                0x08002820       0x38 ../CMakeFiles/board_bl.dir/targets/common/arm/stm32/flash_driver.cpp.obj
 .text._Z10flashWritePmPKm
                0x08002858       0x46 ../CMakeFiles/board_bl.dir/targets/common/arm/stm32/flash_driver.cpp.obj
                0x08002858                flashWrite(unsigned long*, unsigned long const*)
 *fill*         0x0800289e        0x2 ffff
 .text._Z15isFirmwareStartPKh
                0x080028a0       0x30 ../CMakeFiles/board_bl.dir/targets/common/arm/stm32/flash_driver.cpp.obj
                0x080028a0                isFirmwareStart(unsigned char const*)
 .text.pwrInit  0x080028d0       0x4c ../CMakeFiles/board_bl.dir/targets/common/arm/stm32/pwr_driver.cpp.obj
                0x080028d0                pwrInit
 .text.pwrOn    0x0800291c       0x1c ../CMakeFiles/board_bl.dir/targets/common/arm/stm32/pwr_driver.cpp.obj
                0x0800291c                pwrOn
 .text.pwrOff   0x08002938        0xc ../CMakeFiles/board_bl.dir/targets/common/arm/stm32/pwr_driver.cpp.obj
                0x08002938                pwrOff
 .text.pwrPressed
                0x08002944       0x14 ../CMakeFiles/board_bl.dir/targets/common/arm/stm32/pwr_driver.cpp.obj
                0x08002944                pwrPressed
 .text.pwrOffPressed
                0x08002958        0xe ../CMakeFiles/board_bl.dir/targets/common/arm/stm32/pwr_driver.cpp.obj
                0x08002958                pwrOffPressed
 .text.pwrResetHandler
                0x08002966       0x12 ../CMakeFiles/board_bl.dir/targets/common/arm/stm32/pwr_driver.cpp.obj
                0x08002966                pwrResetHandler
 .text._Z13watchdogResetv
                0x08002978       0x10 ../CMakeFiles/board_bl.dir/targets/common/arm/stm32/watchdog_driver.cpp.obj
                0x08002978                watchdogReset()
 .text._ZL17bootloaderDrawMsgPKchb.constprop.0
                0x08002988       0x1c ../CMakeFiles/board_bl.dir/gui/common/stdlcd/boot_menu.cpp.obj
 .text._Z20bootloaderInitScreenv
                0x080029a4       0x18 ../CMakeFiles/board_bl.dir/gui/common/stdlcd/boot_menu.cpp.obj
                0x080029a4                bootloaderInitScreen()
 .text._Z22bootloaderDrawFilenamePKchb
                0x080029bc       0x1a ../CMakeFiles/board_bl.dir/gui/common/stdlcd/boot_menu.cpp.obj
                0x080029bc                bootloaderDrawFilename(char const*, unsigned char, bool)
 *fill*         0x080029d6        0x2 ffff
 .text._Z19checkFirmwareFlavorPKc
                0x080029d8       0x2c ../CMakeFiles/board_bl.dir/gui/common/stdlcd/boot_menu.cpp.obj
                0x080029d8                checkFirmwareFlavor(char const*)
 .text._Z20bootloaderDrawScreen15BootloaderStateiPKc
                0x08002a04      0x164 ../CMakeFiles/board_bl.dir/gui/common/stdlcd/boot_menu.cpp.obj
                0x08002a04                bootloaderDrawScreen(BootloaderState, int, char const*)
 .text._Z26bootloaderGetMenuItemCounti
                0x08002b68        0x2 ../CMakeFiles/board_bl.dir/gui/common/stdlcd/boot_menu.cpp.obj
                0x08002b68                bootloaderGetMenuItemCount(int)
 .text._Z19bootloaderRadioMenumt
                0x08002b6a        0x4 ../CMakeFiles/board_bl.dir/gui/common/stdlcd/boot_menu.cpp.obj
                0x08002b6a                bootloaderRadioMenu(unsigned long, unsigned short)
 .text._Z6blExitv
                0x08002b6e       0x14 ../CMakeFiles/board_bl.dir/gui/common/stdlcd/boot_menu.cpp.obj
                0x08002b6e                blExit()
 *fill*         0x08002b82        0x2 ffff
 .text.LL_RCC_GetSystemClocksFreq
                0x08002b84       0x8c /tmp/ccvzFXBi.ltrans0.ltrans.o
 .text.USB_FlushTxFifo
                0x08002c10       0x4c /tmp/ccvzFXBi.ltrans0.ltrans.o
 .text.USB_FlushRxFifo
                0x08002c5c       0x48 /tmp/ccvzFXBi.ltrans0.ltrans.o
 .text.USB_CoreReset
                0x08002ca4       0x4c /tmp/ccvzFXBi.ltrans0.ltrans.o
 .text.HAL_Delay
                0x08002cf0       0x20 /tmp/ccvzFXBi.ltrans0.ltrans.o
 .text.USBD_MSC_GetDeviceQualifierDescriptor
                0x08002d10        0xc /tmp/ccvzFXBi.ltrans0.ltrans.o
 .text.USBD_FS_DeviceDescriptor
                0x08002d1c       0x34 /tmp/ccvzFXBi.ltrans0.ltrans.o
 .text.USBD_FS_LangIDStrDescriptor
                0x08002d50       0x18 /tmp/ccvzFXBi.ltrans0.ltrans.o
 .text._ZL24STORAGE_IsWriteProtectedh
                0x08002d68        0x4 /tmp/ccvzFXBi.ltrans0.ltrans.o
 .text._ZL17STORAGE_GetMaxLunv
                0x08002d6c        0x4 /tmp/ccvzFXBi.ltrans0.ltrans.o
 .text.LL_APB2_GRP1_EnableClock.lto_priv.0
                0x08002d70       0x1c /tmp/ccvzFXBi.ltrans0.ltrans.o
 .text._Z15timersGetUsTickv
                0x08002d8c       0x28 /tmp/ccvzFXBi.ltrans0.ltrans.o
 .text._ZL17sdcard_spi_statush
                0x08002db4       0x10 /tmp/ccvzFXBi.ltrans0.ltrans.o
 .text.LL_APB1_GRP1_EnableClock.lto_priv.0
                0x08002dc4       0x1c /tmp/ccvzFXBi.ltrans0.ltrans.o
 .text._ZL18_half_duplex_inputPK13stm32_usart_t
                0x08002de0       0x2c /tmp/ccvzFXBi.ltrans0.ltrans.o
 .text._ZL18_usart_isr_handler12_STM32_USART
                0x08002e0c      0x124 /tmp/ccvzFXBi.ltrans0.ltrans.o
 .text.LL_AHB1_GRP1_EnableClock.lto_priv.0
                0x08002f30       0x1c /tmp/ccvzFXBi.ltrans0.ltrans.o
 .text._ZL23stm32_dma_check_tc_flagP11DMA_TypeDefm
                0x08002f4c       0x86 /tmp/ccvzFXBi.ltrans0.ltrans.o
 *fill*         0x08002fd2        0x2 ffff
 .text._ZL18_dma_enable_streamP11DMA_TypeDefmPKvm
                0x08002fd4       0x34 /tmp/ccvzFXBi.ltrans0.ltrans.o
 .text._ZL6_crc_7PKhi
                0x08003008       0x32 /tmp/ccvzFXBi.ltrans0.ltrans.o
 *fill*         0x0800303a        0x2 ffff
 .text._Z26stm32_spi_set_max_baudratePK11stm32_spi_tm.constprop.0
                0x0800303c       0x60 /tmp/ccvzFXBi.ltrans0.ltrans.o
 .text.USBD_GetString.part.0.constprop.0
                0x0800309c       0x48 /tmp/ccvzFXBi.ltrans0.ltrans.o
 .text.USBD_FS_ProductStrDescriptor
                0x080030e4       0x14 /tmp/ccvzFXBi.ltrans0.ltrans.o
 .text.USBD_FS_ManufacturerStrDescriptor
                0x080030f8       0x14 /tmp/ccvzFXBi.ltrans0.ltrans.o
 .text.USBD_FS_SerialStrDescriptor
                0x0800310c       0x14 /tmp/ccvzFXBi.ltrans0.ltrans.o
 .text.USBD_FS_ConfigStrDescriptor
                0x08003120       0x14 /tmp/ccvzFXBi.ltrans0.ltrans.o
 .text.USBD_FS_InterfaceStrDescriptor
                0x08003134       0x14 /tmp/ccvzFXBi.ltrans0.ltrans.o
 .text.USBD_GetEpDesc.constprop.0
                0x08003148       0x2c /tmp/ccvzFXBi.ltrans0.ltrans.o
 .text.USBD_MSC_GetHSCfgDesc
                0x08003174       0x34 /tmp/ccvzFXBi.ltrans0.ltrans.o
 .text.USBD_MSC_GetFSCfgDesc
                0x080031a8       0x34 /tmp/ccvzFXBi.ltrans0.ltrans.o
 .text.USBD_MSC_GetOtherSpeedCfgDesc
                0x080031dc        0x4 /tmp/ccvzFXBi.ltrans0.ltrans.o
 .text.FLASH_WaitForLastOperation.constprop.0
                0x080031e0       0xa4 /tmp/ccvzFXBi.ltrans0.ltrans.o
 .text.HAL_PCD_EP_Abort.constprop.0.isra.0
                0x08003284       0xa0 /tmp/ccvzFXBi.ltrans0.ltrans.o
 .text._Z23stm32_spi_transfer_bytePK11stm32_spi_th.isra.0
                0x08003324       0x12 /tmp/ccvzFXBi.ltrans0.ltrans.o
 .text._Z24stm32_spi_transfer_bytesPK11stm32_spi_tPKhPhm
                0x08003336       0x30 /tmp/ccvzFXBi.ltrans0.ltrans.o
 .text.USBD_LL_ClearStallEP.isra.0
                0x08003366       0x86 /tmp/ccvzFXBi.ltrans0.ltrans.o
 .text.USBD_LL_FlushEP.isra.0
                0x080033ec       0x30 /tmp/ccvzFXBi.ltrans0.ltrans.o
 .text.USBD_LL_CloseEP.isra.0
                0x0800341c       0xdc /tmp/ccvzFXBi.ltrans0.ltrans.o
 .text.USBD_MSC_DeInit
                0x080034f8       0x38 /tmp/ccvzFXBi.ltrans0.ltrans.o
 .text.USBD_LL_OpenEP.isra.0
                0x08003530       0xbe /tmp/ccvzFXBi.ltrans0.ltrans.o
 .text.SCSI_SenseCode.isra.0
                0x080035ee       0x36 /tmp/ccvzFXBi.ltrans0.ltrans.o
 .text.SCSI_CheckAddressRange
                0x08003624       0x2e /tmp/ccvzFXBi.ltrans0.ltrans.o
 .text.SCSI_UpdateBotData.isra.0
                0x08003652       0x16 /tmp/ccvzFXBi.ltrans0.ltrans.o
 .text.USBD_ClrClassConfig.isra.0
                0x08003668        0x8 /tmp/ccvzFXBi.ltrans0.ltrans.o
 .text.USB_EP0_OutStart.isra.0
                0x08003670       0x4c /tmp/ccvzFXBi.ltrans0.ltrans.o
 .text.USBD_LL_StallEP.isra.0
                0x080036bc       0x8e /tmp/ccvzFXBi.ltrans0.ltrans.o
 .text.MSC_BOT_Abort
                0x0800374a       0x4a /tmp/ccvzFXBi.ltrans0.ltrans.o
 .text.USBD_CtlError.isra.0
                0x08003794       0x16 /tmp/ccvzFXBi.ltrans0.ltrans.o
 .text.USB_DevDisconnect.isra.0
                0x080037aa       0x1a /tmp/ccvzFXBi.ltrans0.ltrans.o
 .text.USB_DevConnect.isra.0
                0x080037c4       0x1a /tmp/ccvzFXBi.ltrans0.ltrans.o
 *fill*         0x080037de        0x2 ffff
 .text.USB_EPStartXfer.isra.0
                0x080037e0      0x1bc /tmp/ccvzFXBi.ltrans0.ltrans.o
 .text.USBD_LL_PrepareReceive.isra.0
                0x0800399c       0x3c /tmp/ccvzFXBi.ltrans0.ltrans.o
 .text.USBD_MSC_Init
                0x080039d8       0x98 /tmp/ccvzFXBi.ltrans0.ltrans.o
 .text.USBD_LL_Transmit.isra.0
                0x08003a70       0x3a /tmp/ccvzFXBi.ltrans0.ltrans.o
 .text.SCSI_ProcessRead
                0x08003aaa       0x9a /tmp/ccvzFXBi.ltrans0.ltrans.o
 .text.MSC_BOT_SendCSW
                0x08003b44       0x44 /tmp/ccvzFXBi.ltrans0.ltrans.o
 .text.SCSI_ProcessWrite
                0x08003b88       0xa8 /tmp/ccvzFXBi.ltrans0.ltrans.o
 .text.USBD_CtlSendStatus.isra.0
                0x08003c30       0x10 /tmp/ccvzFXBi.ltrans0.ltrans.o
 .text.HAL_PCD_DataOutStageCallback.constprop.0
                0x08003c40       0x88 /tmp/ccvzFXBi.ltrans0.ltrans.o
 .text.USBD_CtlSendData.isra.0
                0x08003cc8       0x1a /tmp/ccvzFXBi.ltrans0.ltrans.o
 *fill*         0x08003ce2        0x2 ffff
 .text.USBD_MSC_Setup
                0x08003ce4      0x144 /tmp/ccvzFXBi.ltrans0.ltrans.o
 .text.LL_DMA_Init.isra.0
                0x08003e28       0x80 /tmp/ccvzFXBi.ltrans0.ltrans.o
 .text.LL_DMA_DeInit.isra.0
                0x08003ea8      0x174 /tmp/ccvzFXBi.ltrans0.ltrans.o
 .text.SCSI_ProcessCmd
                0x0800401c      0x5cc /tmp/ccvzFXBi.ltrans0.ltrans.o
 .text.USBD_MSC_DataIn
                0x080045e8       0x3c /tmp/ccvzFXBi.ltrans0.ltrans.o
 .text.USBD_MSC_DataOut
                0x08004624       0xe4 /tmp/ccvzFXBi.ltrans0.ltrans.o
 .text._ZL12STORAGE_Inith
                0x08004708        0xc /tmp/ccvzFXBi.ltrans0.ltrans.o
 .text._ZL12STORAGE_ReadhPhmt
                0x08004714       0x22 /tmp/ccvzFXBi.ltrans0.ltrans.o
 .text._ZL13STORAGE_WritehPhmt
                0x08004736       0x22 /tmp/ccvzFXBi.ltrans0.ltrans.o
 .text._ZL19STORAGE_GetCapacityhPmPt
                0x08004758       0x3c /tmp/ccvzFXBi.ltrans0.ltrans.o
 .text._ZL15STORAGE_IsReadyh
                0x08004794       0x20 /tmp/ccvzFXBi.ltrans0.ltrans.o
 .text.LL_GPIO_Init
                0x080047b4      0x136 /tmp/ccvzFXBi.ltrans0.ltrans.o
                0x080047b4                LL_GPIO_Init
 .text.LL_GPIO_StructInit
                0x080048ea       0x16 /tmp/ccvzFXBi.ltrans0.ltrans.o
                0x080048ea                LL_GPIO_StructInit
 .text._Z15timersGetMsTickv
                0x08004900        0xc /tmp/ccvzFXBi.ltrans0.ltrans.o
                0x08004900                timersGetMsTick()
 .text.HAL_FLASH_Program
                0x0800490c       0xc0 /tmp/ccvzFXBi.ltrans0.ltrans.o
                0x0800490c                HAL_FLASH_Program
 .text.HAL_FLASH_Unlock
                0x080049cc       0x24 /tmp/ccvzFXBi.ltrans0.ltrans.o
                0x080049cc                HAL_FLASH_Unlock
 .text.HAL_FLASH_Lock
                0x080049f0       0x14 /tmp/ccvzFXBi.ltrans0.ltrans.o
                0x080049f0                HAL_FLASH_Lock
 .text.HAL_FLASHEx_Erase
                0x08004a04      0x138 /tmp/ccvzFXBi.ltrans0.ltrans.o
                0x08004a04                HAL_FLASHEx_Erase
 .text._Z10usbPluggedv
                0x08004b3c       0x28 /tmp/ccvzFXBi.ltrans0.ltrans.o
                0x08004b3c                usbPlugged()
 .text._Z9gpio_readm
                0x08004b64       0x14 /tmp/ccvzFXBi.ltrans0.ltrans.o
                0x08004b64                gpio_read(unsigned long)
 .text.OTG_FS_IRQHandler
                0x08004b78      0xee8 /tmp/ccvzFXBi.ltrans0.ltrans.o
                0x08004b78                OTG_FS_IRQHandler
 .text._Z8usbStartv
                0x08005a60      0x3f0 /tmp/ccvzFXBi.ltrans0.ltrans.o
                0x08005a60                usbStart()
 .text._Z7usbStopv
                0x08005e50       0xcc /tmp/ccvzFXBi.ltrans0.ltrans.o
                0x08005e50                usbStop()
 .text._Z10timersInitv
                0x08005f1c       0x4c /tmp/ccvzFXBi.ltrans0.ltrans.o
                0x08005f1c                timersInit()
 .text._Z24stm32_timer_enable_clockP11TIM_TypeDef
                0x08005f68       0x38 /tmp/ccvzFXBi.ltrans0.ltrans.o
                0x08005f68                stm32_timer_enable_clock(TIM_TypeDef*)
 .text.TIM8_TRG_COM_TIM14_IRQHandler
                0x08005fa0       0x5c /tmp/ccvzFXBi.ltrans0.ltrans.o
                0x08005fa0                TIM8_TRG_COM_TIM14_IRQHandler
 .text.EXTI4_IRQHandler
                0x08005ffc       0x38 /tmp/ccvzFXBi.ltrans0.ltrans.o
                0x08005ffc                EXTI4_IRQHandler
 .text.EXTI9_5_IRQHandler
                0x08006034       0x3c /tmp/ccvzFXBi.ltrans0.ltrans.o
                0x08006034                EXTI9_5_IRQHandler
 .text.USART1_IRQHandler
                0x08006070        0x6 /tmp/ccvzFXBi.ltrans0.ltrans.o
                0x08006070                USART1_IRQHandler
 .text.USART2_IRQHandler
                0x08006076        0x6 /tmp/ccvzFXBi.ltrans0.ltrans.o
                0x08006076                USART2_IRQHandler
 .text.USART3_IRQHandler
                0x0800607c        0x6 /tmp/ccvzFXBi.ltrans0.ltrans.o
                0x0800607c                USART3_IRQHandler
 .text.UART4_IRQHandler
                0x08006082        0x6 /tmp/ccvzFXBi.ltrans0.ltrans.o
                0x08006082                UART4_IRQHandler
 .text.USART6_IRQHandler
                0x08006088        0x6 /tmp/ccvzFXBi.ltrans0.ltrans.o
                0x08006088                USART6_IRQHandler
 .text._Z23stm32_gpio_enable_clockP12GPIO_TypeDef
                0x0800608e       0x14 /tmp/ccvzFXBi.ltrans0.ltrans.o
                0x0800608e                stm32_gpio_enable_clock(GPIO_TypeDef*)
 *fill*         0x080060a2        0x2 ffff
 .text._Z22stm32_dma_enable_clockP11DMA_TypeDef
                0x080060a4       0x24 /tmp/ccvzFXBi.ltrans0.ltrans.o
                0x080060a4                stm32_dma_enable_clock(DMA_TypeDef*)
 .text._Z9gpio_initmhh
                0x080060c8       0x66 /tmp/ccvzFXBi.ltrans0.ltrans.o
                0x080060c8                gpio_init(unsigned long, unsigned char, unsigned char)
 .text._Z12gpio_init_afmhh
                0x0800612e       0x60 /tmp/ccvzFXBi.ltrans0.ltrans.o
                0x0800612e                gpio_init_af(unsigned long, unsigned char, unsigned char)
 *fill*         0x0800618e        0x2 ffff
 .text._Z7usbInitv
                0x08006190       0x38 /tmp/ccvzFXBi.ltrans0.ltrans.o
                0x08006190                usbInit()
 .text._Z8gpio_setm
                0x080061c8       0x10 /tmp/ccvzFXBi.ltrans0.ltrans.o
                0x080061c8                gpio_set(unsigned long)
 .text._Z18stm32_spi_unselectPK11stm32_spi_t.isra.0
                0x080061d8        0x4 /tmp/ccvzFXBi.ltrans0.ltrans.o
 .text._Z10gpio_clearm
                0x080061dc       0x12 /tmp/ccvzFXBi.ltrans0.ltrans.o
                0x080061dc                gpio_clear(unsigned long)
 *fill*         0x080061ee        0x2 ffff
 .text._ZL18_wait_for_not_busyPK11stm32_spi_tm.constprop.0
                0x080061f0       0x44 /tmp/ccvzFXBi.ltrans0.ltrans.o
 .text._ZL16sdcard_spi_ioctlhhPv
                0x08006234       0x40 /tmp/ccvzFXBi.ltrans0.ltrans.o
 .text._ZL19sdcard_spi_send_cmdPK11stm32_spi_thmm
                0x08006274       0x98 /tmp/ccvzFXBi.ltrans0.ltrans.o
 .text._ZL20sdcard_spi_send_acmdPK11stm32_spi_thmm
                0x0800630c       0x54 /tmp/ccvzFXBi.ltrans0.ltrans.o
 .text._ZL12_read_blocksPK12sdcard_spi_thmPhttP16sd_rw_response_t
                0x08006360      0x1e8 /tmp/ccvzFXBi.ltrans0.ltrans.o
 .text._ZL15sdcard_spi_readhPhmj
                0x08006548       0x3c /tmp/ccvzFXBi.ltrans0.ltrans.o
 .text._ZL13_write_blocksPK12sdcard_spi_thmPKhttP16sd_rw_response_t.constprop.0.isra.0
                0x08006584      0x1cc /tmp/ccvzFXBi.ltrans0.ltrans.o
 .text._ZL16sdcard_spi_writehPKhmj
                0x08006750       0x32 /tmp/ccvzFXBi.ltrans0.ltrans.o
 *fill*         0x08006782        0x2 ffff
 .text._Z22stm32_spi_enable_clockP11SPI_TypeDef
                0x08006784       0x74 /tmp/ccvzFXBi.ltrans0.ltrans.o
                0x08006784                stm32_spi_enable_clock(SPI_TypeDef*)
 .text._ZL21sdcard_spi_initializeh
                0x080067f8      0x680 /tmp/ccvzFXBi.ltrans0.ltrans.o
 .text.SystemInit
                0x08006e78       0xd0 ../CMakeFiles/stm32_stdperiph.dir/targets/common/arm/stm32/f2/system_stm32f2xx.c.obj
                0x08006e78                SystemInit
 .text.Reset_Handler
                0x08006f48       0x54 ../CMakeFiles/stm32_stdperiph.dir/boards/generic_stm32/startup/startup_stm32f205xx.s.obj
                0x08006f48                Reset_Handler
 .text.Default_Handler
                0x08006f9c        0x2 ../CMakeFiles/stm32_stdperiph.dir/boards/generic_stm32/startup/startup_stm32f205xx.s.obj
                0x08006f9c                RTC_Alarm_IRQHandler
                0x08006f9c                HASH_RNG_IRQHandler
                0x08006f9c                EXTI2_IRQHandler
                0x08006f9c                TIM8_CC_IRQHandler
                0x08006f9c                DebugMon_Handler
                0x08006f9c                TIM1_CC_IRQHandler
                0x08006f9c                DMA2_Stream5_IRQHandler
                0x08006f9c                HardFault_Handler
                0x08006f9c                DMA1_Stream5_IRQHandler
                0x08006f9c                SysTick_Handler
                0x08006f9c                PVD_IRQHandler
                0x08006f9c                SDIO_IRQHandler
                0x08006f9c                TAMP_STAMP_IRQHandler
                0x08006f9c                PendSV_Handler
                0x08006f9c                NMI_Handler
                0x08006f9c                CAN2_RX1_IRQHandler
                0x08006f9c                EXTI3_IRQHandler
                0x08006f9c                TIM1_UP_TIM10_IRQHandler
                0x08006f9c                TIM8_UP_TIM13_IRQHandler
                0x08006f9c                I2C3_ER_IRQHandler
                0x08006f9c                EXTI0_IRQHandler
                0x08006f9c                I2C2_EV_IRQHandler
                0x08006f9c                DMA1_Stream2_IRQHandler
                0x08006f9c                CAN1_RX0_IRQHandler
                0x08006f9c                OTG_HS_WKUP_IRQHandler
                0x08006f9c                UsageFault_Handler
                0x08006f9c                CAN2_SCE_IRQHandler
                0x08006f9c                DMA2_Stream2_IRQHandler
                0x08006f9c                SPI1_IRQHandler
                0x08006f9c                TIM6_DAC_IRQHandler
                0x08006f9c                TIM1_BRK_TIM9_IRQHandler
                0x08006f9c                CAN2_RX0_IRQHandler
                0x08006f9c                DMA2_Stream3_IRQHandler
                0x08006f9c                CAN1_RX1_IRQHandler
                0x08006f9c                UART5_IRQHandler
                0x08006f9c                DMA2_Stream0_IRQHandler
                0x08006f9c                TIM4_IRQHandler
                0x08006f9c                I2C1_EV_IRQHandler
                0x08006f9c                DMA1_Stream6_IRQHandler
                0x08006f9c                DMA1_Stream1_IRQHandler
                0x08006f9c                TIM3_IRQHandler
                0x08006f9c                RCC_IRQHandler
                0x08006f9c                TIM8_BRK_TIM12_IRQHandler
                0x08006f9c                Default_Handler
                0x08006f9c                EXTI15_10_IRQHandler
                0x08006f9c                ADC_IRQHandler
                0x08006f9c                TIM7_IRQHandler
                0x08006f9c                CAN2_TX_IRQHandler
                0x08006f9c                TIM5_IRQHandler
                0x08006f9c                DMA2_Stream7_IRQHandler
                0x08006f9c                I2C3_EV_IRQHandler
                0x08006f9c                RTC_WKUP_IRQHandler
                0x08006f9c                SPI2_IRQHandler
                0x08006f9c                OTG_HS_EP1_IN_IRQHandler
                0x08006f9c                MemManage_Handler
                0x08006f9c                DMA1_Stream0_IRQHandler
                0x08006f9c                CAN1_TX_IRQHandler
                0x08006f9c                SVC_Handler
                0x08006f9c                FSMC_IRQHandler
                0x08006f9c                OTG_HS_EP1_OUT_IRQHandler
                0x08006f9c                WWDG_IRQHandler
                0x08006f9c                TIM2_IRQHandler
                0x08006f9c                OTG_FS_WKUP_IRQHandler
                0x08006f9c                TIM1_TRG_COM_TIM11_IRQHandler
                0x08006f9c                OTG_HS_IRQHandler
                0x08006f9c                EXTI1_IRQHandler
                0x08006f9c                I2C2_ER_IRQHandler
                0x08006f9c                DMA2_Stream1_IRQHandler
                0x08006f9c                CAN1_SCE_IRQHandler
                0x08006f9c                FLASH_IRQHandler
                0x08006f9c                DMA2_Stream4_IRQHandler
                0x08006f9c                BusFault_Handler
                0x08006f9c                SPI3_IRQHandler
                0x08006f9c                DMA1_Stream4_IRQHandler
                0x08006f9c                I2C1_ER_IRQHandler
                0x08006f9c                DMA2_Stream6_IRQHandler
                0x08006f9c                DMA1_Stream3_IRQHandler
 *fill*         0x08006f9e        0x2 ffff
 .text._Z8keysInitv
                0x08006fa0      0x108 ../CMakeFiles/minimal_board_lib.dir/boards/generic_stm32/inputs.cpp.obj
                0x08006fa0                keysInit()
 .text._Z8readKeysv
                0x080070a8       0x4c ../CMakeFiles/minimal_board_lib.dir/boards/generic_stm32/inputs.cpp.obj
                0x080070a8                readKeys()
 .text._Z9readTrimsv
                0x080070f4       0x60 ../CMakeFiles/minimal_board_lib.dir/boards/generic_stm32/inputs.cpp.obj
                0x080070f4                readTrims()
 .text._Z21boardBLStartConditionv
                0x08007154       0x10 ../CMakeFiles/minimal_board_lib.dir/boards/generic_stm32/bl_keys.cpp.obj
                0x08007154                boardBLStartCondition()
 .text.memcmp   0x08007164       0x20 /opt/arm-gnu-toolchain-14.2.rel1-x86_64-arm-none-eabi/bin/../lib/gcc/arm-none-eabi/14.2.1/../../../../arm-none-eabi/lib/thumb/v7-m/nofp/libg_nano.a(libc_a-memcmp.o)
                0x08007164                memcmp
 .text.memset   0x08007184       0x10 /opt/arm-gnu-toolchain-14.2.rel1-x86_64-arm-none-eabi/bin/../lib/gcc/arm-none-eabi/14.2.1/../../../../arm-none-eabi/lib/thumb/v7-m/nofp/libg_nano.a(libc_a-memset.o)
                0x08007184                memset
 .text.strchr   0x08007194       0x1a /opt/arm-gnu-toolchain-14.2.rel1-x86_64-arm-none-eabi/bin/../lib/gcc/arm-none-eabi/14.2.1/../../../../arm-none-eabi/lib/thumb/v7-m/nofp/libg_nano.a(libc_a-strchr.o)
                0x08007194                strchr
 .text.strncmp  0x080071ae       0x24 /opt/arm-gnu-toolchain-14.2.rel1-x86_64-arm-none-eabi/bin/../lib/gcc/arm-none-eabi/14.2.1/../../../../arm-none-eabi/lib/thumb/v7-m/nofp/libg_nano.a(libc_a-strncmp.o)
                0x080071ae                strncmp
 *fill*         0x080071d2        0x2 ffff
 .text.__libc_init_array
                0x080071d4       0x48 /opt/arm-gnu-toolchain-14.2.rel1-x86_64-arm-none-eabi/bin/../lib/gcc/arm-none-eabi/14.2.1/../../../../arm-none-eabi/lib/thumb/v7-m/nofp/libg_nano.a(libc_a-init.o)
                0x080071d4                __libc_init_array
 .text.memcpy   0x0800721c       0x1c /opt/arm-gnu-toolchain-14.2.rel1-x86_64-arm-none-eabi/bin/../lib/gcc/arm-none-eabi/14.2.1/../../../../arm-none-eabi/lib/thumb/v7-m/nofp/libg_nano.a(libc_a-memcpy-stub.o)
                0x0800721c                memcpy
 .text          0x08007238       0x10 /opt/arm-gnu-toolchain-14.2.rel1-x86_64-arm-none-eabi/bin/../lib/gcc/arm-none-eabi/14.2.1/../../../../arm-none-eabi/lib/thumb/v7-m/nofp/libg_nano.a(libc_a-strlen.o)
                0x08007238                strlen
 *(.rodata .rodata* .gnu.linkonce.r.*)
 .rodata.check_fs.str1.1
                0x08007248      0x1ad CMakeFiles/bootloader.dir/__/thirdparty/FatFs/ff.c.obj
                                  0x9 (size before relaxing)
 .rodata.follow_path.str1.1
                0x080073f5       0x10 CMakeFiles/bootloader.dir/__/thirdparty/FatFs/ff.c.obj
 .rodata.ExCvt  0x080073f5       0x80 CMakeFiles/bootloader.dir/__/thirdparty/FatFs/ff.c.obj
 .rodata.LfnOfs
                0x08007475        0xd CMakeFiles/bootloader.dir/__/thirdparty/FatFs/ff.c.obj
 .rodata.cvt2.0
                0x08007482       0xbc CMakeFiles/bootloader.dir/__/thirdparty/FatFs/ffunicode.c.obj
 .rodata.cvt1.1
                0x0800753e      0x1f2 CMakeFiles/bootloader.dir/__/thirdparty/FatFs/ffunicode.c.obj
 .rodata.uc437  0x08007730      0x100 CMakeFiles/bootloader.dir/__/thirdparty/FatFs/ffunicode.c.obj
 .rodata.font_5x7
                0x08007830      0x26c CMakeFiles/bootloader.dir/__/gui/common/stdlcd/fonts.cpp.obj
                0x08007830                font_5x7
 .rodata._ZL9_utf8_lut
                0x08007a9c        0xe CMakeFiles/bootloader.dir/__/gui/common/stdlcd/utf8.cpp.obj
 .rodata._Z18getFirmwareVersionPKh.str1.1
                0x08007aaa       0x10 CMakeFiles/bootloader.dir/__/stamp.cpp.obj
 .rodata._Z6sdInitv.str1.1
                0x08007aaa        0x3 CMakeFiles/bootloader.dir/bin_fw_files.cpp.obj
 .rodata._Z15openFirmwareDirv.str1.1
                0x08007aaa        0xc CMakeFiles/bootloader.dir/bin_fw_files.cpp.obj
 .rodata._Z22getFileFirmwareVersionP10VersionTag.str1.1
                0x08007aaa        0x8 CMakeFiles/bootloader.dir/bin_fw_files.cpp.obj
 .rodata._Z19checkFirmwareFlavorPKc.str1.1
                0x08007aaa        0x5 ../CMakeFiles/board_bl.dir/gui/common/stdlcd/boot_menu.cpp.obj
 .rodata._Z20bootloaderDrawScreen15BootloaderStateiPKc.str1.1
                0x08007aaa      0x12f ../CMakeFiles/board_bl.dir/gui/common/stdlcd/boot_menu.cpp.obj
 .rodata.USBD_FS_ProductStrDescriptor.str1.1
                0x08007aaa       0x19 /tmp/ccvzFXBi.ltrans0.ltrans.o
 .rodata.USBD_FS_ManufacturerStrDescriptor.str1.1
                0x08007aaa        0x7 /tmp/ccvzFXBi.ltrans0.ltrans.o
 .rodata.USBD_FS_SerialStrDescriptor.str1.1
                0x08007aaa        0xd /tmp/ccvzFXBi.ltrans0.ltrans.o
 .rodata.USBD_FS_ConfigStrDescriptor.str1.1
                0x08007aaa        0xb /tmp/ccvzFXBi.ltrans0.ltrans.o
 .rodata.USBD_FS_InterfaceStrDescriptor.str1.1
                0x08007aaa        0xe /tmp/ccvzFXBi.ltrans0.ltrans.o
 *fill*         0x08007aaa        0x2 ffff
 .rodata.sdcard_spi_driver
                0x08007aac       0x18 /tmp/ccvzFXBi.ltrans0.ltrans.o
                0x08007aac                sdcard_spi_driver
 .rodata._ZL19STORAGE_Inquirydata
                0x08007ac4       0x24 /tmp/ccvzFXBi.ltrans0.ltrans.o
 .rodata.STREAM_OFFSET_TAB
                0x08007ae8        0x8 /tmp/ccvzFXBi.ltrans0.ltrans.o
 .rodata._ZL21_handlers_EXTI9_5_IRQ
                0x08007af0       0x14 /tmp/ccvzFXBi.ltrans0.ltrans.o
 .rodata._ZL10_sd_spi_hw
                0x08007b04       0x34 /tmp/ccvzFXBi.ltrans0.ltrans.o
 .rodata.APBPrescTable
                0x08007b38        0x8 ../CMakeFiles/stm32_stdperiph.dir/targets/common/arm/stm32/f2/system_stm32f2xx.c.obj
                0x08007b38                APBPrescTable
 .rodata.AHBPrescTable
                0x08007b40       0x10 ../CMakeFiles/stm32_stdperiph.dir/targets/common/arm/stm32/f2/system_stm32f2xx.c.obj
                0x08007b40                AHBPrescTable
 *(.glue_7)
 .glue_7        0x08007b50        0x0 linker stubs
 *(.glue_7t)
 .glue_7t       0x08007b50        0x0 linker stubs
 *(.eh_frame)
 .eh_frame      0x08007b50        0x0 /opt/arm-gnu-toolchain-14.2.rel1-x86_64-arm-none-eabi/bin/../lib/gcc/arm-none-eabi/14.2.1/thumb/v7-m/nofp/crtbegin.o
 *(.data.__global_locale)
                0x08007b50                        . = ALIGN (0x4)
 *(.init)
 .init          0x08007b50        0x4 /opt/arm-gnu-toolchain-14.2.rel1-x86_64-arm-none-eabi/bin/../lib/gcc/arm-none-eabi/14.2.1/thumb/v7-m/nofp/crti.o
                0x08007b50                _init
 .init          0x08007b54        0x8 /opt/arm-gnu-toolchain-14.2.rel1-x86_64-arm-none-eabi/bin/../lib/gcc/arm-none-eabi/14.2.1/thumb/v7-m/nofp/crtn.o
                0x08007b5c                        . = ALIGN (0x4)
                0x08007b5c                        __preinit_array_start = .
 *(.preinit_array)
                0x08007b5c                        __preinit_array_end = .
                0x08007b5c                        . = ALIGN (0x4)
                0x08007b5c                        __init_array_start = .
 *(SORT_BY_NAME(.init_array.*))
 *(.init_array)
 .init_array    0x08007b5c        0x4 /opt/arm-gnu-toolchain-14.2.rel1-x86_64-arm-none-eabi/bin/../lib/gcc/arm-none-eabi/14.2.1/thumb/v7-m/nofp/crtbegin.o
                0x08007b60                        __init_array_end = .
                0x08007b60                        . = ALIGN (0x4)
 *(.fini)
 .fini          0x08007b60        0x4 /opt/arm-gnu-toolchain-14.2.rel1-x86_64-arm-none-eabi/bin/../lib/gcc/arm-none-eabi/14.2.1/thumb/v7-m/nofp/crti.o
                0x08007b60                _fini
 .fini          0x08007b64        0x8 /opt/arm-gnu-toolchain-14.2.rel1-x86_64-arm-none-eabi/bin/../lib/gcc/arm-none-eabi/14.2.1/thumb/v7-m/nofp/crtn.o
                0x08007b6c                        . = ALIGN (0x4)
                0x08007b6c                        __fini_array_start = .
 *(.fini_array)
 .fini_array    0x08007b6c        0x4 /opt/arm-gnu-toolchain-14.2.rel1-x86_64-arm-none-eabi/bin/../lib/gcc/arm-none-eabi/14.2.1/thumb/v7-m/nofp/crtbegin.o
 *(SORT_BY_NAME(.fini_array.*))
                0x08007b70                        __fini_array_end = .
                0x08007b70                        . = ALIGN (0x4)
 *crtbegin.o(.ctors)
 *(EXCLUDE_FILE(*crtend.o) .ctors)
 *(SORT_BY_NAME(.ctors.*))
 *crtend.o(.ctors)
                0x08007b70                        . = ALIGN (0x4)
                0x08007b70                        _etext = .
                0x08000184                        _text_load = LOADADDR (.text)

.vfp11_veneer   0x08007b70        0x0
 .vfp11_veneer  0x08007b70        0x0 linker stubs

.v4_bx          0x08007b70        0x0
 .v4_bx         0x08007b70        0x0 linker stubs

.iplt           0x08007b70        0x0
 .iplt          0x08007b70        0x0 /opt/arm-gnu-toolchain-14.2.rel1-x86_64-arm-none-eabi/bin/../lib/gcc/arm-none-eabi/14.2.1/thumb/v7-m/nofp/crtbegin.o

.ARM.extab
 *(.ARM.extab* .gnu.linkonce.armextab.*)

.ARM            0x08007b70        0x8
                [!provide]                        PROVIDE (__exidx_start = .)
 *(.ARM.exidx* .gnu.linkonce.armexidx.*)
 .ARM.exidx     0x08007b70        0x8 /opt/arm-gnu-toolchain-14.2.rel1-x86_64-arm-none-eabi/bin/../lib/gcc/arm-none-eabi/14.2.1/../../../../arm-none-eabi/lib/thumb/v7-m/nofp/libg_nano.a(libc_a-strlen.o)
                [!provide]                        PROVIDE (__exidx_end = .)

.rel.dyn        0x08007b78        0x0
 .rel.iplt      0x08007b78        0x0 /opt/arm-gnu-toolchain-14.2.rel1-x86_64-arm-none-eabi/bin/../lib/gcc/arm-none-eabi/14.2.1/thumb/v7-m/nofp/crtbegin.o

.bootstrap
 *(.bootstrap)

.data           0x20000000       0xcc load address 0x08007b78
                0x20000000                        . = ALIGN (0x4)
                0x20000000                        _sdata = .
 *(.data .data*)
 .data._ZL15firmwareAddress
                0x20000000        0x4 CMakeFiles/bootloader.dir/bin_fw_files.cpp.obj
 .data._ZL13_reboot_cause
                0x20000004        0x4 ../CMakeFiles/board_bl.dir/targets/common/arm/stm32/abnormal_reboot.cpp.obj
 .data.USBD_Storage_Interface_fops
                0x20000008       0x20 /tmp/ccvzFXBi.ltrans0.ltrans.o
 .data.USBD_MSC
                0x20000028       0x3c /tmp/ccvzFXBi.ltrans0.ltrans.o
 .data.FS_Desc  0x20000064       0x1c /tmp/ccvzFXBi.ltrans0.ltrans.o
 .data.USBD_MSC_DeviceQualifierDesc
                0x20000080        0xa /tmp/ccvzFXBi.ltrans0.ltrans.o
 *fill*         0x2000008a        0x2 
 .data.USBD_MSC_CfgDesc
                0x2000008c       0x20 /tmp/ccvzFXBi.ltrans0.ltrans.o
 .data.MSC_Page80_Inquiry_Data
                0x200000ac        0x8 /tmp/ccvzFXBi.ltrans0.ltrans.o
 .data.MSC_Page00_Inquiry_Data
                0x200000b4        0x6 /tmp/ccvzFXBi.ltrans0.ltrans.o
 .data.MSC_Mode_Sense6_data
                0x200000ba        0x4 /tmp/ccvzFXBi.ltrans0.ltrans.o
 .data.MSC_Mode_Sense10_data
                0x200000be        0x8 /tmp/ccvzFXBi.ltrans0.ltrans.o
 *fill*         0x200000c6        0x2 
 .data.SystemCoreClock
                0x200000c8        0x4 ../CMakeFiles/stm32_stdperiph.dir/targets/common/arm/stm32/f2/system_stm32f2xx.c.obj
                0x200000c8                SystemCoreClock
                0x200000cc                        . = ALIGN (0x4)
                0x200000cc                        _edata = .
                0x08007b78                        _sidata = LOADADDR (.data)

.tm_clone_table
                0x200000cc        0x0 load address 0x08007c44
 .tm_clone_table
                0x200000cc        0x0 /opt/arm-gnu-toolchain-14.2.rel1-x86_64-arm-none-eabi/bin/../lib/gcc/arm-none-eabi/14.2.1/thumb/v7-m/nofp/crtbegin.o
 .tm_clone_table
                0x200000cc        0x0 /opt/arm-gnu-toolchain-14.2.rel1-x86_64-arm-none-eabi/bin/../lib/gcc/arm-none-eabi/14.2.1/thumb/v7-m/nofp/crtend.o

.igot.plt       0x200000cc        0x0 load address 0x08007c44
 .igot.plt      0x200000cc        0x0 /opt/arm-gnu-toolchain-14.2.rel1-x86_64-arm-none-eabi/bin/../lib/gcc/arm-none-eabi/14.2.1/thumb/v7-m/nofp/crtbegin.o

.bss            0x200000cc     0x3234
                0x200000cc                        . = ALIGN (0x4)
                0x200000cc                        _sbss = .
 *(.bss .bss*)
 .bss.completed.1
                0x200000cc        0x1 /opt/arm-gnu-toolchain-14.2.rel1-x86_64-arm-none-eabi/bin/../lib/gcc/arm-none-eabi/14.2.1/thumb/v7-m/nofp/crtbegin.o
 *fill*         0x200000cd        0x3 
 .bss.object.0  0x200000d0       0x18 /opt/arm-gnu-toolchain-14.2.rel1-x86_64-arm-none-eabi/bin/../lib/gcc/arm-none-eabi/14.2.1/thumb/v7-m/nofp/crtbegin.o
 .bss._ZL15_fatfs_n_drives
                0x200000e8        0x1 CMakeFiles/bootloader.dir/__/hal/fatfs_diskio.cpp.obj
 *fill*         0x200000e9        0x3 
 .bss._ZL13_fatfs_drives
                0x200000ec        0x8 CMakeFiles/bootloader.dir/__/hal/fatfs_diskio.cpp.obj
 .bss.CurrVol   0x200000f4        0x1 CMakeFiles/bootloader.dir/__/thirdparty/FatFs/ff.c.obj
 *fill*         0x200000f5        0x1 
 .bss.Fsid      0x200000f6        0x2 CMakeFiles/bootloader.dir/__/thirdparty/FatFs/ff.c.obj
 .bss.FatFs     0x200000f8        0x4 CMakeFiles/bootloader.dir/__/thirdparty/FatFs/ff.c.obj
 .bss.lcdNextPos
                0x200000fc        0x4 CMakeFiles/bootloader.dir/__/gui/212x64/lcd.cpp.obj
                0x200000fc                lcdNextPos
 .bss.lcdLastLeftPos
                0x20000100        0x4 CMakeFiles/bootloader.dir/__/gui/212x64/lcd.cpp.obj
                0x20000100                lcdLastLeftPos
 .bss.lcdLastRightPos
                0x20000104        0x4 CMakeFiles/bootloader.dir/__/gui/212x64/lcd.cpp.obj
                0x20000104                lcdLastRightPos
 .bss._ZL9trim_keys
                0x20000108       0x30 CMakeFiles/bootloader.dir/__/keys.cpp.obj
 .bss._ZL4keys  0x20000138       0x40 CMakeFiles/bootloader.dir/__/keys.cpp.obj
 .bss.inactivity
                0x20000178        0x4 CMakeFiles/bootloader.dir/__/keys.cpp.obj
                0x20000178                inactivity
 .bss.s_trim_evt
                0x2000017c        0x2 CMakeFiles/bootloader.dir/__/keys.cpp.obj
                0x2000017c                s_trim_evt
 .bss.s_evt     0x2000017e        0x2 CMakeFiles/bootloader.dir/__/keys.cpp.obj
                0x2000017e                s_evt
 .bss.valid     0x20000180        0x1 CMakeFiles/bootloader.dir/boot_menu.cpp.obj
                0x20000180                valid
 *fill*         0x20000181        0x3 
 .bss._ZZ6per5msvE3cnt
                0x20000184        0x4 CMakeFiles/bootloader.dir/boot_menu.cpp.obj
 .bss._ZL10BlockCount
                0x20000188        0x4 CMakeFiles/bootloader.dir/bin_fw_files.cpp.obj
 .bss._ZL12Block_buffer
                0x2000018c     0x1000 CMakeFiles/bootloader.dir/bin_fw_files.cpp.obj
 .bss._ZL7fwFiles
                0x2000118c      0x71c CMakeFiles/bootloader.dir/bin_fw_files.cpp.obj
 .bss._ZL15firmwareWritten
                0x200018a8        0x4 CMakeFiles/bootloader.dir/bin_fw_files.cpp.obj
 .bss._ZL12firmwareSize
                0x200018ac        0x4 CMakeFiles/bootloader.dir/bin_fw_files.cpp.obj
 .bss._ZL9FlashFile
                0x200018b0       0x20 CMakeFiles/bootloader.dir/bin_fw_files.cpp.obj
 .bss._ZL3dir   0x200018d0       0x30 CMakeFiles/bootloader.dir/bin_fw_files.cpp.obj
 .bss.lcd_busy  0x20001900        0x1 ../CMakeFiles/board_bl.dir/targets/taranis/lcd_driver_spi.cpp.obj
                0x20001900                lcd_busy
 .bss.lcdInitFinished
                0x20001901        0x1 ../CMakeFiles/board_bl.dir/targets/taranis/lcd_driver_spi.cpp.obj
                0x20001901                lcdInitFinished
 *fill*         0x20001902        0x2 
 .bss._ZL14_serial_states
                0x20001904       0xc8 /tmp/ccvzFXBi.ltrans0.ltrans.o
 .bss._ZL10_isr_state
                0x200019cc        0x4 /tmp/ccvzFXBi.ltrans0.ltrans.o
 .bss._ZL11_sdcard_spi
                0x200019d0        0x8 /tmp/ccvzFXBi.ltrans0.ltrans.o
 .bss._ZL15_sdcard_sectors
                0x200019d8        0x4 /tmp/ccvzFXBi.ltrans0.ltrans.o
 .bss._ZL15watchdogTimeout
                0x200019dc        0x4 /tmp/ccvzFXBi.ltrans0.ltrans.o
 .bss._ZZL14_interrupt_1msvE9pre_scale
                0x200019e0        0x1 /tmp/ccvzFXBi.ltrans0.ltrans.o
 *fill*         0x200019e1        0x3 
 .bss.hUsbDevice
                0x200019e4      0x2dc /tmp/ccvzFXBi.ltrans0.ltrans.o
 .bss.cfgidx.0  0x20001cc0        0x1 /tmp/ccvzFXBi.ltrans0.ltrans.o
 *fill*         0x20001cc1        0x3 
 .bss.hpcd_USB_OTG
                0x20001cc4      0x504 /tmp/ccvzFXBi.ltrans0.ltrans.o
 .bss._ZZ10usbPluggedvE14debouncedState
                0x200021c8        0x1 /tmp/ccvzFXBi.ltrans0.ltrans.o
 .bss._ZZ10usbPluggedvE9lastState
                0x200021c9        0x1 /tmp/ccvzFXBi.ltrans0.ltrans.o
 .bss.lunReady  0x200021ca        0x1 /tmp/ccvzFXBi.ltrans0.ltrans.o
 *fill*         0x200021cb        0x1 
 .bss._ZZL19STORAGE_GetCapacityhPmPtE12sector_count
                0x200021cc        0x4 /tmp/ccvzFXBi.ltrans0.ltrans.o
 .bss.USBD_StrDesc
                0x200021d0       0x62 /tmp/ccvzFXBi.ltrans0.ltrans.o
 *fill*         0x20002232        0x2 
 .bss.mem.0     0x20002234     0x1088 /tmp/ccvzFXBi.ltrans0.ltrans.o
 .bss.lun_report.0
                0x200032bc       0x18 /tmp/ccvzFXBi.ltrans0.ltrans.o
 .bss.MSC_Diagnostic_Data
                0x200032d4        0x8 /tmp/ccvzFXBi.ltrans0.ltrans.o
 .bss.pFlash    0x200032dc       0x20 /tmp/ccvzFXBi.ltrans0.ltrans.o
 .bss._ZL9_ms_ticks
                0x200032fc        0x4 /tmp/ccvzFXBi.ltrans0.ltrans.o
 *(COMMON)
                0x20003300                        . = ALIGN (0x4)
                0x20003300                        _ebss = .

.ram            0x20003300     0x1eb4
                0x20003300                        . = ALIGN (0x4)
                0x20003300                        _sram = .
 *(.ram)
 .ram           0x20003300     0x1a80 CMakeFiles/bootloader.dir/__/gui/212x64/lcd.cpp.obj
                0x20003300                displayBuf
 .ram           0x20004d80      0x230 CMakeFiles/bootloader.dir/bin_fw_files.cpp.obj
 .ram           0x20004fb0      0x202 /tmp/ccvzFXBi.ltrans0.ltrans.o
                0x200051b4                        . = ALIGN (0x4)
 *fill*         0x200051b2        0x2 
                0x200051b4                        _eram = .
                0x200051b4                        PROVIDE (_heap_start = _eram)

.stack          0x200051b4      0x400
                0x200051b4                        . = ALIGN (0x4)
                0x200051b4                        . = (. + MIN_HEAP_SIZE)
                0x200055b4                        . = (. + MAIN_STACK_SIZE)
 *fill*         0x200051b4      0x400 
                0x200055b4                        . = ALIGN (0x4)

.reboot_buffer  0x2001fffc        0x4
 *(.reboot*)
 .rebootdata    0x2001fffc        0x4 ../CMakeFiles/board_bl.dir/targets/common/arm/stm32/abnormal_reboot.cpp.obj
                0x2001fffc                _reboot_cmd

/DISCARD/
 libc.a(*)
 libm.a(*)
 libgcc.a(*)

.ARM.attributes
                0x00000000       0x29
 *(.ARM.attributes)
 .ARM.attributes
                0x00000000       0x1d /opt/arm-gnu-toolchain-14.2.rel1-x86_64-arm-none-eabi/bin/../lib/gcc/arm-none-eabi/14.2.1/thumb/v7-m/nofp/crti.o
 .ARM.attributes
                0x0000001d       0x2d /opt/arm-gnu-toolchain-14.2.rel1-x86_64-arm-none-eabi/bin/../lib/gcc/arm-none-eabi/14.2.1/thumb/v7-m/nofp/crtbegin.o
 .ARM.attributes
                0x0000004a       0x2d CMakeFiles/bootloader.dir/__/hal/key_driver.cpp.obj
 .ARM.attributes
                0x00000077       0x2d CMakeFiles/bootloader.dir/__/hal/storage.cpp.obj
 .ARM.attributes
                0x000000a4       0x2d CMakeFiles/bootloader.dir/__/hal/fatfs_diskio.cpp.obj
 .ARM.attributes
                0x000000d1       0x2d CMakeFiles/bootloader.dir/__/thirdparty/FatFs/ff.c.obj
 .ARM.attributes
                0x000000fe       0x2d CMakeFiles/bootloader.dir/__/thirdparty/FatFs/ffunicode.c.obj
 .ARM.attributes
                0x0000012b       0x2d CMakeFiles/bootloader.dir/__/gui/212x64/lcd.cpp.obj
 .ARM.attributes
                0x00000158       0x2d CMakeFiles/bootloader.dir/__/gui/common/stdlcd/fonts.cpp.obj
 .ARM.attributes
                0x00000185       0x2d CMakeFiles/bootloader.dir/__/gui/common/stdlcd/utf8.cpp.obj
 .ARM.attributes
                0x000001b2       0x2d CMakeFiles/bootloader.dir/__/keys.cpp.obj
 .ARM.attributes
                0x000001df       0x2d CMakeFiles/bootloader.dir/__/strhelpers.cpp.obj
 .ARM.attributes
                0x0000020c       0x2d CMakeFiles/bootloader.dir/__/stamp.cpp.obj
 .ARM.attributes
                0x00000239       0x2d CMakeFiles/bootloader.dir/boot.cpp.obj
 .ARM.attributes
                0x00000266       0x2d CMakeFiles/bootloader.dir/boot_menu.cpp.obj
 .ARM.attributes
                0x00000293       0x2d CMakeFiles/bootloader.dir/bin_fw_files.cpp.obj
 .ARM.attributes
                0x000002c0       0x2d ../CMakeFiles/board_bl.dir/targets/taranis/board.cpp.obj
 .ARM.attributes
                0x000002ed       0x2d ../CMakeFiles/board_bl.dir/targets/taranis/backlight_driver.cpp.obj
 .ARM.attributes
                0x0000031a       0x2d ../CMakeFiles/board_bl.dir/targets/taranis/lcd_driver_spi.cpp.obj
 .ARM.attributes
                0x00000347       0x2d ../CMakeFiles/board_bl.dir/targets/common/arm/stm32/abnormal_reboot.cpp.obj
 .ARM.attributes
                0x00000374       0x2d ../CMakeFiles/board_bl.dir/targets/common/arm/stm32/delays_driver.cpp.obj
 .ARM.attributes
                0x000003a1       0x2d ../CMakeFiles/board_bl.dir/targets/common/arm/stm32/flash_driver.cpp.obj
 .ARM.attributes
                0x000003ce       0x2d ../CMakeFiles/board_bl.dir/targets/common/arm/stm32/pwr_driver.cpp.obj
 .ARM.attributes
                0x000003fb       0x2d ../CMakeFiles/board_bl.dir/targets/common/arm/stm32/watchdog_driver.cpp.obj
 .ARM.attributes
                0x00000428       0x2d ../CMakeFiles/board_bl.dir/gui/common/stdlcd/boot_menu.cpp.obj
 .ARM.attributes
                0x00000455       0x2b /tmp/ccvzFXBi.ltrans0.ltrans.o
 .ARM.attributes
                0x00000480       0x2d ../CMakeFiles/stm32_stdperiph.dir/targets/common/arm/stm32/f2/system_stm32f2xx.c.obj
 .ARM.attributes
                0x000004ad       0x21 ../CMakeFiles/stm32_stdperiph.dir/boards/generic_stm32/startup/startup_stm32f205xx.s.obj
 .ARM.attributes
                0x000004ce       0x2d ../CMakeFiles/minimal_board_lib.dir/boards/generic_stm32/inputs.cpp.obj
 .ARM.attributes
                0x000004fb       0x2d ../CMakeFiles/minimal_board_lib.dir/boards/generic_stm32/bl_keys.cpp.obj
 .ARM.attributes
                0x00000528       0x2d /opt/arm-gnu-toolchain-14.2.rel1-x86_64-arm-none-eabi/bin/../lib/gcc/arm-none-eabi/14.2.1/../../../../arm-none-eabi/lib/thumb/v7-m/nofp/libg_nano.a(libc_a-memcmp.o)
 .ARM.attributes
                0x00000555       0x2d /opt/arm-gnu-toolchain-14.2.rel1-x86_64-arm-none-eabi/bin/../lib/gcc/arm-none-eabi/14.2.1/../../../../arm-none-eabi/lib/thumb/v7-m/nofp/libg_nano.a(libc_a-memset.o)
 .ARM.attributes
                0x00000582       0x2d /opt/arm-gnu-toolchain-14.2.rel1-x86_64-arm-none-eabi/bin/../lib/gcc/arm-none-eabi/14.2.1/../../../../arm-none-eabi/lib/thumb/v7-m/nofp/libg_nano.a(libc_a-strchr.o)
 .ARM.attributes
                0x000005af       0x2d /opt/arm-gnu-toolchain-14.2.rel1-x86_64-arm-none-eabi/bin/../lib/gcc/arm-none-eabi/14.2.1/../../../../arm-none-eabi/lib/thumb/v7-m/nofp/libg_nano.a(libc_a-strncmp.o)
 .ARM.attributes
                0x000005dc       0x2d /opt/arm-gnu-toolchain-14.2.rel1-x86_64-arm-none-eabi/bin/../lib/gcc/arm-none-eabi/14.2.1/../../../../arm-none-eabi/lib/thumb/v7-m/nofp/libg_nano.a(libc_a-init.o)
 .ARM.attributes
                0x00000609       0x2d /opt/arm-gnu-toolchain-14.2.rel1-x86_64-arm-none-eabi/bin/../lib/gcc/arm-none-eabi/14.2.1/../../../../arm-none-eabi/lib/thumb/v7-m/nofp/libg_nano.a(libc_a-memcpy-stub.o)
 .ARM.attributes
                0x00000636       0x17 /opt/arm-gnu-toolchain-14.2.rel1-x86_64-arm-none-eabi/bin/../lib/gcc/arm-none-eabi/14.2.1/../../../../arm-none-eabi/lib/thumb/v7-m/nofp/libg_nano.a(libc_a-strlen.o)
 .ARM.attributes
                0x0000064d       0x2d /opt/arm-gnu-toolchain-14.2.rel1-x86_64-arm-none-eabi/bin/../lib/gcc/arm-none-eabi/14.2.1/thumb/v7-m/nofp/crtend.o
 .ARM.attributes
                0x0000067a       0x1d /opt/arm-gnu-toolchain-14.2.rel1-x86_64-arm-none-eabi/bin/../lib/gcc/arm-none-eabi/14.2.1/thumb/v7-m/nofp/crtn.o
OUTPUT(bootloader.elf elf32-littlearm)
LOAD linker stubs
LOAD /opt/arm-gnu-toolchain-14.2.rel1-x86_64-arm-none-eabi/bin/../lib/gcc/arm-none-eabi/14.2.1/../../../../arm-none-eabi/lib/thumb/v7-m/nofp/libc.a
LOAD /opt/arm-gnu-toolchain-14.2.rel1-x86_64-arm-none-eabi/bin/../lib/gcc/arm-none-eabi/14.2.1/../../../../arm-none-eabi/lib/thumb/v7-m/nofp/libm.a
LOAD /opt/arm-gnu-toolchain-14.2.rel1-x86_64-arm-none-eabi/bin/../lib/gcc/arm-none-eabi/14.2.1/thumb/v7-m/nofp/libgcc.a

.debug_info     0x00000000    0x4a0e1
 .debug_info    0x00000000      0x61a CMakeFiles/bootloader.dir/__/hal/key_driver.cpp.obj
 .debug_info    0x0000061a      0x34d CMakeFiles/bootloader.dir/__/hal/storage.cpp.obj
 .debug_info    0x00000967      0x7ca CMakeFiles/bootloader.dir/__/hal/fatfs_diskio.cpp.obj
 .debug_info    0x00001131     0x24f1 CMakeFiles/bootloader.dir/__/thirdparty/FatFs/ff.c.obj
 .debug_info    0x00003622      0x2c5 CMakeFiles/bootloader.dir/__/thirdparty/FatFs/ffunicode.c.obj
 .debug_info    0x000038e7     0x1c36 CMakeFiles/bootloader.dir/__/gui/212x64/lcd.cpp.obj
 .debug_info    0x0000551d       0xee CMakeFiles/bootloader.dir/__/gui/common/stdlcd/fonts.cpp.obj
 .debug_info    0x0000560b      0x4da CMakeFiles/bootloader.dir/__/gui/common/stdlcd/utf8.cpp.obj
 .debug_info    0x00005ae5     0x32a5 CMakeFiles/bootloader.dir/__/keys.cpp.obj
 .debug_info    0x00008d8a     0x6cf1 CMakeFiles/bootloader.dir/__/strhelpers.cpp.obj
 .debug_info    0x0000fa7b      0x26a CMakeFiles/bootloader.dir/__/stamp.cpp.obj
 .debug_info    0x0000fce5      0x9c8 CMakeFiles/bootloader.dir/boot.cpp.obj
 .debug_info    0x000106ad     0x1315 CMakeFiles/bootloader.dir/boot_menu.cpp.obj
 .debug_info    0x000119c2     0x33bc CMakeFiles/bootloader.dir/bin_fw_files.cpp.obj
 .debug_info    0x00014d7e      0xb47 ../CMakeFiles/board_bl.dir/targets/taranis/board.cpp.obj
 .debug_info    0x000158c5      0x5d4 ../CMakeFiles/board_bl.dir/targets/taranis/backlight_driver.cpp.obj
 .debug_info    0x00015e99     0x174b ../CMakeFiles/board_bl.dir/targets/taranis/lcd_driver_spi.cpp.obj
 .debug_info    0x000175e4      0x503 ../CMakeFiles/board_bl.dir/targets/common/arm/stm32/abnormal_reboot.cpp.obj
 .debug_info    0x00017ae7      0x44d ../CMakeFiles/board_bl.dir/targets/common/arm/stm32/delays_driver.cpp.obj
 .debug_info    0x00017f34      0x97f ../CMakeFiles/board_bl.dir/targets/common/arm/stm32/flash_driver.cpp.obj
 .debug_info    0x000188b3      0x482 ../CMakeFiles/board_bl.dir/targets/common/arm/stm32/pwr_driver.cpp.obj
 .debug_info    0x00018d35      0x3a4 ../CMakeFiles/board_bl.dir/targets/common/arm/stm32/watchdog_driver.cpp.obj
 .debug_info    0x000190d9     0x10df ../CMakeFiles/board_bl.dir/gui/common/stdlcd/boot_menu.cpp.obj
 .debug_info    0x0001a1b8     0xcef5 /tmp/ccvzFXBi.ltrans0.ltrans.o
 .debug_info    0x000270ad      0x652 /tmp/ccdNUO6u.debug.temp.o
                0x000270ad                stm32f2xx_ll_gpio.c.80997b10
 .debug_info    0x000276ff      0x77c /tmp/cc6krZpg.debug.temp.o
                0x000276ff                stm32f2xx_ll_dma.c.4f10e3fa
 .debug_info    0x00027e7b      0x6ed /tmp/cc0oZZB9.debug.temp.o
                0x00027e7b                stm32f2xx_ll_usart.c.93e7139b
 .debug_info    0x00028568      0x5f1 /tmp/cc4OdCW9.debug.temp.o
                0x00028568                stm32f2xx_ll_rcc.c.16ee3d1a
 .debug_info    0x00028b59      0x702 /tmp/cc105nW9.debug.temp.o
                0x00028b59                stm32f2xx_ll_spi.c.4f8c70a7
 .debug_info    0x0002925b     0x1841 /tmp/ccAFOrua.debug.temp.o
                0x0002925b                stm32f2xx_ll_usb.c.40747151
 .debug_info    0x0002aa9c      0x91d /tmp/ccmA03Vo.debug.temp.o
                0x0002aa9c                stm32f2xx_hal.c.ea154cd6
 .debug_info    0x0002b3b9      0x980 /tmp/ccEX9mjD.debug.temp.o
                0x0002b3b9                stm32f2xx_hal_rcc.c.56767007
 .debug_info    0x0002bd39      0xba3 /tmp/ccUHNOD3.debug.temp.o
                0x0002bd39                stm32f2xx_hal_rtc.c.d436429b
 .debug_info    0x0002c8dc     0x1eef /tmp/ccXYhpFE.debug.temp.o
                0x0002c8dc                stm32f2xx_hal_i2c.c.aa60b1a8
 .debug_info    0x0002e7cb     0x14d0 /tmp/ccO1M19S.debug.temp.o
                0x0002e7cb                stm32f2xx_hal_pcd.c.9bec9ff4
 .debug_info    0x0002fc9b      0x734 /tmp/cccHw3Fe.debug.temp.o
                0x0002fc9b                stm32f2xx_hal_pcd_ex.c.b13134e7
 .debug_info    0x000303cf      0x4f7 /tmp/cca3Btmo.debug.temp.o
                0x000303cf                stm32f2xx_hal_flash.c.00df9280
 .debug_info    0x000308c6      0x653 /tmp/ccE3oKZY.debug.temp.o
                0x000308c6                stm32f2xx_hal_flash_ex.c.26414fb9
 .debug_info    0x00030f19      0xe71 /tmp/cc2WU6SD.debug.temp.o
                0x00030f19                usbd_core.c.f37fe382
 .debug_info    0x00031d8a      0xb3e /tmp/cc21GGhv.debug.temp.o
                0x00031d8a                usbd_ctlreq.c.a1f88707
 .debug_info    0x000328c8      0x82a /tmp/cc6VPFDF.debug.temp.o
                0x000328c8                usbd_ioreq.c.ab2fa2a9
 .debug_info    0x000330f2      0x128 /tmp/ccxf4CmV.debug.temp.o
                0x000330f2                usbd_msc_data.c.ce461fc7
 .debug_info    0x0003321a     0x13bf /tmp/ccOUUNzZ.debug.temp.o
                0x0003321a                usbd_msc_scsi.c.3ff79445
 .debug_info    0x000345d9      0xdb0 /tmp/cc1aTUf3.debug.temp.o
                0x000345d9                usbd_msc_bot.c.5ccb8fd3
 .debug_info    0x00035389      0xf1f /tmp/ccuVccuo.debug.temp.o
                0x00035389                usbd_msc.c.5eacdfdb
 .debug_info    0x000362a8     0x1e17 /tmp/cc3TbLhi.debug.temp.o
                0x000362a8                usbd_conf.c.2ce7ef1f
 .debug_info    0x000380bf      0x3fe /tmp/cc0l9Kps.debug.temp.o
                0x000380bf                usbd_desc.c.6f27a3d3
 .debug_info    0x000384bd      0xd84 /tmp/ccMONEvP.debug.temp.o
                0x000384bd                usbd_storage_msd.cpp.c5d8b92f
 .debug_info    0x00039241     0x1af7 /tmp/ccVhX77d.debug.temp.o
                0x00039241                usb_driver.cpp.77970f5b
 .debug_info    0x0003ad38      0x545 /tmp/ccVUfRFP.debug.temp.o
                0x0003ad38                stm32_hal.cpp.62523e55
 .debug_info    0x0003b27d      0xdbf /tmp/cc4K6QmG.debug.temp.o
                0x0003b27d                timers_driver.cpp.73d39024
 .debug_info    0x0003c03c      0xd9e /tmp/ccviyEt6.debug.temp.o
                0x0003c03c                diskio_spi.cpp.a88f610a
 .debug_info    0x0003cdda      0xa7f /tmp/ccnq0PdR.debug.temp.o
                0x0003cdda                stm32_exti_driver.cpp.62d32d42
 .debug_info    0x0003d859     0x16f5 /tmp/ccRNYSlC.debug.temp.o
                0x0003d859                stm32_serial_driver.cpp.74b6ccc3
 .debug_info    0x0003ef4e     0x1e40 /tmp/ccE9jayA.debug.temp.o
                0x0003ef4e                stm32_usart_driver.cpp.baee6823
 .debug_info    0x00040d8e      0x473 /tmp/ccFufs9m.debug.temp.o
                0x00040d8e                stm32_gpio_driver.cpp.32c86391
 .debug_info    0x00041201     0x150b /tmp/ccyB0hnh.debug.temp.o
                0x00041201                stm32_i2c_driver.cpp.2e4406f3
 .debug_info    0x0004270c      0x662 /tmp/cchuUv8u.debug.temp.o
                0x0004270c                stm32_timer.cpp.1bff69be
 .debug_info    0x00042d6e      0x3f6 /tmp/ccjjk62U.debug.temp.o
                0x00042d6e                stm32_dma.cpp.f547ffd5
 .debug_info    0x00043164      0x962 /tmp/ccDs72Fa.debug.temp.o
                0x00043164                stm32_gpio.cpp.35eb86fb
 .debug_info    0x00043ac6     0x2095 /tmp/cc7Ah5kh.debug.temp.o
                0x00043ac6                stm32_adc.cpp.0fd3d8de
 .debug_info    0x00045b5b     0x1a52 /tmp/cch7ZA4c.debug.temp.o
                0x00045b5b                stm32_spi.cpp.7986859a
 .debug_info    0x000475ad     0x19b8 /tmp/cc96s0K1.debug.temp.o
                0x000475ad                sdcard_spi.cpp.2d797d54
 .debug_info    0x00048f65      0x6a3 ../CMakeFiles/stm32_stdperiph.dir/targets/common/arm/stm32/f2/system_stm32f2xx.c.obj
 .debug_info    0x00049608       0x30 ../CMakeFiles/stm32_stdperiph.dir/boards/generic_stm32/startup/startup_stm32f205xx.s.obj
 .debug_info    0x00049638      0x9ba ../CMakeFiles/minimal_board_lib.dir/boards/generic_stm32/inputs.cpp.obj
 .debug_info    0x00049ff2       0xef ../CMakeFiles/minimal_board_lib.dir/boards/generic_stm32/bl_keys.cpp.obj

.debug_abbrev   0x00000000     0x9f66
 .debug_abbrev  0x00000000      0x13c CMakeFiles/bootloader.dir/__/hal/key_driver.cpp.obj
 .debug_abbrev  0x0000013c      0x1b0 CMakeFiles/bootloader.dir/__/hal/storage.cpp.obj
 .debug_abbrev  0x000002ec      0x269 CMakeFiles/bootloader.dir/__/hal/fatfs_diskio.cpp.obj
 .debug_abbrev  0x00000555      0x387 CMakeFiles/bootloader.dir/__/thirdparty/FatFs/ff.c.obj
 .debug_abbrev  0x000008dc      0x110 CMakeFiles/bootloader.dir/__/thirdparty/FatFs/ffunicode.c.obj
 .debug_abbrev  0x000009ec      0x516 CMakeFiles/bootloader.dir/__/gui/212x64/lcd.cpp.obj
 .debug_abbrev  0x00000f02       0x7b CMakeFiles/bootloader.dir/__/gui/common/stdlcd/fonts.cpp.obj
 .debug_abbrev  0x00000f7d      0x157 CMakeFiles/bootloader.dir/__/gui/common/stdlcd/utf8.cpp.obj
 .debug_abbrev  0x000010d4      0x7e9 CMakeFiles/bootloader.dir/__/keys.cpp.obj
 .debug_abbrev  0x000018bd      0xa33 CMakeFiles/bootloader.dir/__/strhelpers.cpp.obj
 .debug_abbrev  0x000022f0      0x152 CMakeFiles/bootloader.dir/__/stamp.cpp.obj
 .debug_abbrev  0x00002442      0x358 CMakeFiles/bootloader.dir/boot.cpp.obj
 .debug_abbrev  0x0000279a      0x40b CMakeFiles/bootloader.dir/boot_menu.cpp.obj
 .debug_abbrev  0x00002ba5      0x6b3 CMakeFiles/bootloader.dir/bin_fw_files.cpp.obj
 .debug_abbrev  0x00003258      0x243 ../CMakeFiles/board_bl.dir/targets/taranis/board.cpp.obj
 .debug_abbrev  0x0000349b      0x1d8 ../CMakeFiles/board_bl.dir/targets/taranis/backlight_driver.cpp.obj
 .debug_abbrev  0x00003673      0x37d ../CMakeFiles/board_bl.dir/targets/taranis/lcd_driver_spi.cpp.obj
 .debug_abbrev  0x000039f0      0x1e8 ../CMakeFiles/board_bl.dir/targets/common/arm/stm32/abnormal_reboot.cpp.obj
 .debug_abbrev  0x00003bd8      0x159 ../CMakeFiles/board_bl.dir/targets/common/arm/stm32/delays_driver.cpp.obj
 .debug_abbrev  0x00003d31      0x35a ../CMakeFiles/board_bl.dir/targets/common/arm/stm32/flash_driver.cpp.obj
 .debug_abbrev  0x0000408b      0x1c6 ../CMakeFiles/board_bl.dir/targets/common/arm/stm32/pwr_driver.cpp.obj
 .debug_abbrev  0x00004251      0x15e ../CMakeFiles/board_bl.dir/targets/common/arm/stm32/watchdog_driver.cpp.obj
 .debug_abbrev  0x000043af      0x410 ../CMakeFiles/board_bl.dir/gui/common/stdlcd/boot_menu.cpp.obj
 .debug_abbrev  0x000047bf      0x395 /tmp/ccvzFXBi.ltrans0.ltrans.o
 .debug_abbrev  0x00004b54      0x18c /tmp/ccdNUO6u.debug.temp.o
 .debug_abbrev  0x00004ce0      0x173 /tmp/cc6krZpg.debug.temp.o
 .debug_abbrev  0x00004e53      0x191 /tmp/cc0oZZB9.debug.temp.o
 .debug_abbrev  0x00004fe4      0x1aa /tmp/cc4OdCW9.debug.temp.o
 .debug_abbrev  0x0000518e      0x1d2 /tmp/cc105nW9.debug.temp.o
 .debug_abbrev  0x00005360      0x20c /tmp/ccAFOrua.debug.temp.o
 .debug_abbrev  0x0000556c      0x1e3 /tmp/ccmA03Vo.debug.temp.o
 .debug_abbrev  0x0000574f      0x20d /tmp/ccEX9mjD.debug.temp.o
 .debug_abbrev  0x0000595c      0x17c /tmp/ccUHNOD3.debug.temp.o
 .debug_abbrev  0x00005ad8      0x1de /tmp/ccXYhpFE.debug.temp.o
 .debug_abbrev  0x00005cb6      0x20f /tmp/ccO1M19S.debug.temp.o
 .debug_abbrev  0x00005ec5      0x171 /tmp/cccHw3Fe.debug.temp.o
 .debug_abbrev  0x00006036      0x1c2 /tmp/cca3Btmo.debug.temp.o
 .debug_abbrev  0x000061f8      0x1cb /tmp/ccE3oKZY.debug.temp.o
 .debug_abbrev  0x000063c3      0x204 /tmp/cc2WU6SD.debug.temp.o
 .debug_abbrev  0x000065c7      0x1f0 /tmp/cc21GGhv.debug.temp.o
 .debug_abbrev  0x000067b7      0x15c /tmp/cc6VPFDF.debug.temp.o
 .debug_abbrev  0x00006913       0x67 /tmp/ccxf4CmV.debug.temp.o
 .debug_abbrev  0x0000697a      0x270 /tmp/ccOUUNzZ.debug.temp.o
 .debug_abbrev  0x00006bea      0x23f /tmp/cc1aTUf3.debug.temp.o
 .debug_abbrev  0x00006e29      0x282 /tmp/ccuVccuo.debug.temp.o
 .debug_abbrev  0x000070ab      0x299 /tmp/cc3TbLhi.debug.temp.o
 .debug_abbrev  0x00007344      0x1be /tmp/cc0l9Kps.debug.temp.o
 .debug_abbrev  0x00007502      0x31f /tmp/ccMONEvP.debug.temp.o
 .debug_abbrev  0x00007821      0x3cb /tmp/ccVhX77d.debug.temp.o
 .debug_abbrev  0x00007bec      0x113 /tmp/ccVUfRFP.debug.temp.o
 .debug_abbrev  0x00007cff      0x256 /tmp/cc4K6QmG.debug.temp.o
 .debug_abbrev  0x00007f55      0x254 /tmp/ccviyEt6.debug.temp.o
 .debug_abbrev  0x000081a9      0x20e /tmp/ccnq0PdR.debug.temp.o
 .debug_abbrev  0x000083b7      0x2da /tmp/ccRNYSlC.debug.temp.o
 .debug_abbrev  0x00008691      0x2b7 /tmp/ccE9jayA.debug.temp.o
 .debug_abbrev  0x00008948       0xf1 /tmp/ccFufs9m.debug.temp.o
 .debug_abbrev  0x00008a39      0x26a /tmp/ccyB0hnh.debug.temp.o
 .debug_abbrev  0x00008ca3      0x151 /tmp/cchuUv8u.debug.temp.o
 .debug_abbrev  0x00008df4       0xf1 /tmp/ccjjk62U.debug.temp.o
 .debug_abbrev  0x00008ee5      0x1c6 /tmp/ccDs72Fa.debug.temp.o
 .debug_abbrev  0x000090ab      0x346 /tmp/cc7Ah5kh.debug.temp.o
 .debug_abbrev  0x000093f1      0x369 /tmp/cch7ZA4c.debug.temp.o
 .debug_abbrev  0x0000975a      0x340 /tmp/cc96s0K1.debug.temp.o
 .debug_abbrev  0x00009a9a      0x181 ../CMakeFiles/stm32_stdperiph.dir/targets/common/arm/stm32/f2/system_stm32f2xx.c.obj
 .debug_abbrev  0x00009c1b       0x24 ../CMakeFiles/stm32_stdperiph.dir/boards/generic_stm32/startup/startup_stm32f205xx.s.obj
 .debug_abbrev  0x00009c3f      0x298 ../CMakeFiles/minimal_board_lib.dir/boards/generic_stm32/inputs.cpp.obj
 .debug_abbrev  0x00009ed7       0x8f ../CMakeFiles/minimal_board_lib.dir/boards/generic_stm32/bl_keys.cpp.obj

.debug_loc      0x00000000    0x1ce94
 .debug_loc     0x00000000       0x2b CMakeFiles/bootloader.dir/__/hal/key_driver.cpp.obj
 .debug_loc     0x0000002b       0x58 CMakeFiles/bootloader.dir/__/hal/storage.cpp.obj
 .debug_loc     0x00000083      0x6cf CMakeFiles/bootloader.dir/__/hal/fatfs_diskio.cpp.obj
 .debug_loc     0x00000752     0x31a8 CMakeFiles/bootloader.dir/__/thirdparty/FatFs/ff.c.obj
 .debug_loc     0x000038fa      0x414 CMakeFiles/bootloader.dir/__/thirdparty/FatFs/ffunicode.c.obj
 .debug_loc     0x00003d0e     0x252a CMakeFiles/bootloader.dir/__/gui/212x64/lcd.cpp.obj
 .debug_loc     0x00006238      0x21c CMakeFiles/bootloader.dir/__/gui/common/stdlcd/utf8.cpp.obj
 .debug_loc     0x00006454      0x6f8 CMakeFiles/bootloader.dir/__/keys.cpp.obj
 .debug_loc     0x00006b4c      0xbf6 CMakeFiles/bootloader.dir/__/strhelpers.cpp.obj
 .debug_loc     0x00007742       0x90 CMakeFiles/bootloader.dir/__/stamp.cpp.obj
 .debug_loc     0x000077d2       0xdd CMakeFiles/bootloader.dir/boot.cpp.obj
 .debug_loc     0x000078af      0x589 CMakeFiles/bootloader.dir/boot_menu.cpp.obj
 .debug_loc     0x00007e38      0x593 CMakeFiles/bootloader.dir/bin_fw_files.cpp.obj
 .debug_loc     0x000083cb       0x20 ../CMakeFiles/board_bl.dir/targets/taranis/board.cpp.obj
 .debug_loc     0x000083eb       0x81 ../CMakeFiles/board_bl.dir/targets/taranis/backlight_driver.cpp.obj
 .debug_loc     0x0000846c      0x340 ../CMakeFiles/board_bl.dir/targets/taranis/lcd_driver_spi.cpp.obj
 .debug_loc     0x000087ac       0x40 ../CMakeFiles/board_bl.dir/targets/common/arm/stm32/abnormal_reboot.cpp.obj
 .debug_loc     0x000087ec      0x138 ../CMakeFiles/board_bl.dir/targets/common/arm/stm32/delays_driver.cpp.obj
 .debug_loc     0x00008924      0x632 ../CMakeFiles/board_bl.dir/targets/common/arm/stm32/flash_driver.cpp.obj
 .debug_loc     0x00008f56       0xd0 ../CMakeFiles/board_bl.dir/targets/common/arm/stm32/pwr_driver.cpp.obj